Archive member included to satisfy reference by file (symbol)

.\CortexM3\ARM_GCC_541\Debug\CS301_Class.a(ADC.o)
                              .\CortexM3\ARM_GCC_541\Debug\main.o (ADC_Start)
.\CortexM3\ARM_GCC_541\Debug\CS301_Class.a(ADC_INT.o)
                              .\CortexM3\ARM_GCC_541\Debug\CS301_Class.a(ADC.o) (ADC_ISR)
.\CortexM3\ARM_GCC_541\Debug\CS301_Class.a(CONTROL.o)
                              .\CortexM3\ARM_GCC_541\Debug\motor_s.o (CONTROL_Write)
.\CortexM3\ARM_GCC_541\Debug\CS301_Class.a(ADC_SAR.o)
                              .\CortexM3\ARM_GCC_541\Debug\CS301_Class.a(ADC.o) (ADC_SAR_shift)
.\CortexM3\ARM_GCC_541\Debug\CS301_Class.a(ADC_TempBuf_dma.o)
                              .\CortexM3\ARM_GCC_541\Debug\CS301_Class.a(ADC.o) (ADC_TempBuf_DmaInitialize)
.\CortexM3\ARM_GCC_541\Debug\CS301_Class.a(ADC_FinalBuf_dma.o)
                              .\CortexM3\ARM_GCC_541\Debug\CS301_Class.a(ADC.o) (ADC_FinalBuf_DmaInitialize)
.\CortexM3\ARM_GCC_541\Debug\CS301_Class.a(ADC_IRQ.o)
                              .\CortexM3\ARM_GCC_541\Debug\CS301_Class.a(ADC.o) (ADC_IRQ_SetVector)
.\CortexM3\ARM_GCC_541\Debug\CS301_Class.a(CyDmac.o)
                              .\CortexM3\ARM_GCC_541\Debug\Cm3Start.o (CyDmacConfigure)
.\CortexM3\ARM_GCC_541\Debug\CS301_Class.a(CyLib.o)
                              .\CortexM3\ARM_GCC_541\Debug\Cm3Start.o (CyResetStatus)
.\CortexM3\ARM_GCC_541\Debug\CS301_Class.a(cyPm.o)
                              .\CortexM3\ARM_GCC_541\Debug\CS301_Class.a(CyLib.o) (CyPmReadStatus)
.\CortexM3\ARM_GCC_541\Debug\CS301_Class.a(PWM_1.o)
                              .\CortexM3\ARM_GCC_541\Debug\main.o (PWM_1_Start)
.\CortexM3\ARM_GCC_541\Debug\CS301_Class.a(Clock_PWM.o)
                              .\CortexM3\ARM_GCC_541\Debug\main.o (Clock_PWM_Start)
.\CortexM3\ARM_GCC_541\Debug\CS301_Class.a(Clock_QENC.o)
                              .\CortexM3\ARM_GCC_541\Debug\main.o (Clock_QENC_Start)
.\CortexM3\ARM_GCC_541\Debug\CS301_Class.a(PWM_2.o)
                              .\CortexM3\ARM_GCC_541\Debug\main.o (PWM_2_Start)
.\CortexM3\ARM_GCC_541\Debug\CS301_Class.a(QuadDec_M1.o)
                              .\CortexM3\ARM_GCC_541\Debug\main.o (QuadDec_M1_Start)
.\CortexM3\ARM_GCC_541\Debug\CS301_Class.a(QuadDec_M2.o)
                              .\CortexM3\ARM_GCC_541\Debug\main.o (QuadDec_M2_Start)
.\CortexM3\ARM_GCC_541\Debug\CS301_Class.a(QuadDec_M1_Cnt16.o)
                              .\CortexM3\ARM_GCC_541\Debug\CS301_Class.a(QuadDec_M1.o) (QuadDec_M1_Cnt16_WriteCounter)
.\CortexM3\ARM_GCC_541\Debug\CS301_Class.a(QuadDec_M2_Cnt16.o)
                              .\CortexM3\ARM_GCC_541\Debug\CS301_Class.a(QuadDec_M2.o) (QuadDec_M2_Cnt16_WriteCounter)
.\CortexM3\ARM_GCC_541\Debug\CS301_Class.a(Clock_QD.o)
                              .\CortexM3\ARM_GCC_541\Debug\main.o (Clock_QD_Start)
.\CortexM3\ARM_GCC_541\Debug\CS301_Class.a(Timer_QD.o)
                              .\CortexM3\ARM_GCC_541\Debug\main.o (Timer_QD_Start)
.\CortexM3\ARM_GCC_541\Debug\CS301_Class.a(isr_qd.o)
                              .\CortexM3\ARM_GCC_541\Debug\main.o (isr_qd_StartEx)
.\CortexM3\ARM_GCC_541\Debug\CS301_Class.a(CyBootAsmGnu.o)
                              .\CortexM3\ARM_GCC_541\Debug\cyfitter_cfg.o (CyDelayCycles)
.\CortexM3\ARM_GCC_541\Debug\CS301_Class.a(CyFlash.o)
                              .\CortexM3\ARM_GCC_541\Debug\CS301_Class.a(cyPm.o) (CyFlash_SetWaitCycles)
.\CortexM3\ARM_GCC_541\Debug\CS301_Class.a(CySpc.o)
                              .\CortexM3\ARM_GCC_541\Debug\CS301_Class.a(CyFlash.o) (CySpcStart)
c:/program files (x86)/cypress/psoc creator/4.2/psoc creator/import/gnu/arm/5.4.1/bin/../lib/gcc/arm-none-eabi/5.4.1/armv7-m\libgcc.a(_arm_addsubsf3.o)
                              .\CortexM3\ARM_GCC_541\Debug\motor_s.o (__aeabi_fadd)
c:/program files (x86)/cypress/psoc creator/4.2/psoc creator/import/gnu/arm/5.4.1/bin/../lib/gcc/arm-none-eabi/5.4.1/armv7-m\libgcc.a(_arm_muldivsf3.o)
                              .\CortexM3\ARM_GCC_541\Debug\motor_s.o (__aeabi_fmul)
c:/program files (x86)/cypress/psoc creator/4.2/psoc creator/import/gnu/arm/5.4.1/bin/../lib/gcc/arm-none-eabi/5.4.1/armv7-m\libgcc.a(_arm_cmpsf2.o)
                              .\CortexM3\ARM_GCC_541\Debug\motor_s.o (__aeabi_fcmplt)
c:/program files (x86)/cypress/psoc creator/4.2/psoc creator/import/gnu/arm/5.4.1/bin/../lib/gcc/arm-none-eabi/5.4.1/armv7-m\libgcc.a(_arm_fixsfsi.o)
                              .\CortexM3\ARM_GCC_541\Debug\motor_s.o (__aeabi_f2iz)
c:/program files (x86)/cypress/psoc creator/4.2/psoc creator/import/gnu/arm/5.4.1/bin/../lib/gcc/arm-none-eabi/5.4.1/armv7-m\libgcc.a(_aeabi_ldivmod.o)
                              .\CortexM3\ARM_GCC_541\Debug\main.o (__aeabi_ldivmod)
c:/program files (x86)/cypress/psoc creator/4.2/psoc creator/import/gnu/arm/5.4.1/bin/../lib/gcc/arm-none-eabi/5.4.1/armv7-m\libgcc.a(_udivmoddi4.o)
[...]
Memory Configuration

Name             Origin             Length             Attributes
rom              0x00000000         0x00040000         xr
ram              0x1fff8000         0x00010000         xrw
*default*        0x00000000         0xffffffff

Linker script and memory map

LOAD c:/program files (x86)/cypress/psoc creator/4.2/psoc creator/import/gnu/arm/5.4.1/bin/../lib/gcc/arm-none-eabi/5.4.1/armv7-m/crti.o
LOAD c:/program files (x86)/cypress/psoc creator/4.2/psoc creator/import/gnu/arm/5.4.1/bin/../lib/gcc/arm-none-eabi/5.4.1/armv7-m/crtbegin.o
LOAD c:/program files (x86)/cypress/psoc creator/4.2/psoc creator/import/gnu/arm/5.4.1/bin/../lib/gcc/arm-none-eabi/5.4.1/../../../../arm-none-eabi/lib/armv7-m/crt0.o
START GROUP
LOAD .\CortexM3\ARM_GCC_541\Debug\main.o
LOAD .\CortexM3\ARM_GCC_541\Debug\tacho.o
LOAD .\CortexM3\ARM_GCC_541\Debug\sensors.o
LOAD .\CortexM3\ARM_GCC_541\Debug\motor_s.o
LOAD .\CortexM3\ARM_GCC_541\Debug\directions.o
LOAD .\CortexM3\ARM_GCC_541\Debug\cyfitter_cfg.o
LOAD .\CortexM3\ARM_GCC_541\Debug\cymetadata.o
LOAD .\CortexM3\ARM_GCC_541\Debug\Cm3Start.o
LOAD .\CortexM3\ARM_GCC_541\Debug\CS301_Class.a
LOAD C:\Program Files (x86)\Cypress\PSoC Creator\4.2\PSoC Creator\psoc\content\cycomponentlibrary\CyComponentLibrary.cylib\CortexM3\ARM_GCC_541\Debug\CyComponentLibrary.a
END GROUP
START GROUP
LOAD c:/program files (x86)/cypress/psoc creator/4.2/psoc creator/import/gnu/arm/5.4.1/bin/../lib/gcc/arm-none-eabi/5.4.1/armv7-m\libgcc.a
LOAD c:/program files (x86)/cypress/psoc creator/4.2/psoc creator/import/gnu/arm/5.4.1/bin/../lib/gcc/arm-none-eabi/5.4.1/../../../../arm-none-eabi/lib/armv7-m\libg_nano.a
LOAD c:/program files (x86)/cypress/psoc creator/4.2/psoc creator/import/gnu/arm/5.4.1/bin/../lib/gcc/arm-none-eabi/5.4.1/../../../../arm-none-eabi/lib/armv7-m\libc_nano.a
END GROUP
START GROUP
LOAD c:/program files (x86)/cypress/psoc creator/4.2/psoc creator/import/gnu/arm/5.4.1/bin/../lib/gcc/arm-none-eabi/5.4.1/armv7-m\libgcc.a
LOAD c:/program files (x86)/cypress/psoc creator/4.2/psoc creator/import/gnu/arm/5.4.1/bin/../lib/gcc/arm-none-eabi/5.4.1/../../../../arm-none-eabi/lib/armv7-m\libc_nano.a
END GROUP
LOAD c:/program files (x86)/cypress/psoc creator/4.2/psoc creator/import/gnu/arm/5.4.1/bin/../lib/gcc/arm-none-eabi/5.4.1/armv7-m/crtend.o
LOAD c:/program files (x86)/cypress/psoc creator/4.2/psoc creator/import/gnu/arm/5.4.1/bin/../lib/gcc/arm-none-eabi/5.4.1/armv7-m/crtn.o
START GROUP
LOAD c:/program files (x86)/cypress/psoc creator/4.2/psoc creator/import/gnu/arm/5.4.1/bin/../lib/gcc/arm-none-eabi/5.4.1/armv7-m\libgcc.a
LOAD c:/program files (x86)/cypress/psoc creator/4.2/psoc creator/import/gnu/arm/5.4.1/bin/../lib/gcc/arm-none-eabi/5.4.1/../../../../arm-none-eabi/lib/armv7-m\libc.a
LOAD c:/program files (x86)/cypress/psoc creator/4.2/psoc creator/import/gnu/arm/5.4.1/bin/../lib/gcc/arm-none-eabi/5.4.1/../../../../arm-none-eabi/lib/armv7-m\libnosys.a
END GROUP
                0x00000000                CY_APPL_ORIGIN = 0x0
                0x00000100                CY_FLASH_ROW_SIZE = 0x100
                0x00000020                CY_ECC_ROW_SIZE = 0x20
                0x00000000                CY_EE_IN_BTLDR = 0x0
                0x00000000                CY_APPL_LOADABLE = 0x0
                0x00000800                CY_EE_SIZE = 0x800
                0x00000001                CY_APPL_NUM = 0x1
                0x00000001                CY_APPL_MAX = 0x1
                0x00000040                CY_METADATA_SIZE = 0x40
                0x00000000                CY_APPL_LOADABLE = 0x0
                0x00000000                CY_CHECKSUM_EXCLUDE_SIZE = ALIGN (0x0, CY_FLASH_ROW_SIZE)
                [!provide]                PROVIDE (__cy_heap_start, _end)
                0x00000001                PROVIDE (__cy_region_num, ((__cy_regions_end - __cy_regions) / 0x10))
                0x20008000                PROVIDE (__cy_stack, (ORIGIN (ram) + LENGTH (ram)))
                [!provide]                PROVIDE (__cy_heap_end, (__cy_stack - 0x800))

.cybootloader   0x00000000        0x0
 *(.cybootloader)
                0x00000000                appl1_start = CY_APPL_ORIGIN?CY_APPL_ORIGIN:ALIGN (CY_FLASH_ROW_SIZE)
                0x0001ff00                appl2_start = (appl1_start + ALIGN ((((LENGTH (rom) - appl1_start) - (0x2 * CY_FLASH_ROW_SIZE)) / 0x2), CY_FLASH_ROW_SIZE))
                0x00000000                appl_start = (CY_APPL_NUM == 0x1)?appl1_start:appl2_start
                0x00000000                ecc_offset = ((appl_start / CY_FLASH_ROW_SIZE) * CY_ECC_ROW_SIZE)
                0x00000000                ee_offset = (CY_APPL_LOADABLE && ! (CY_EE_IN_BTLDR))?((CY_EE_SIZE / CY_APPL_MAX) * (CY_APPL_NUM - 0x1)):0x0
                0x00000800                ee_size = (CY_APPL_LOADABLE && ! (CY_EE_IN_BTLDR))?(CY_EE_SIZE / CY_APPL_MAX):CY_EE_SIZE
                [!provide]                PROVIDE (CY_ECC_OFFSET, ecc_offset)

.text           0x00000000     0x2946
 CREATE_OBJECT_SYMBOLS
                0x00000000                PROVIDE (__cy_interrupt_vector, RomVectors)
 *(.romvectors)
 .romvectors    0x00000000       0x10 .\CortexM3\ARM_GCC_541\Debug\Cm3Start.o
                0x00000000                RomVectors
                0x00000001                ASSERT ((. != __cy_interrupt_vector), No interrupt vector)
                0x00000001                ASSERT (CY_APPL_ORIGIN?(SIZEOF (.cybootloader) <= CY_APPL_ORIGIN):0x1, Wrong image location)
                0x00000010                PROVIDE (__cy_reset, Reset)
 *(.text.Reset)
 .text.Reset    0x00000010       0x18 .\CortexM3\ARM_GCC_541\Debug\Cm3Start.o
                0x00000010                Reset
                0x00000001                ASSERT ((. != __cy_reset), No reset code)
 *(.dma_init)
                0x00000001                ASSERT ((((appl_start + .) <= 0x10000) || 0x1), DMA Init must be within the first 64k of flash)
 *(.text .text.* .gnu.linkonce.t.*)
 .text          0x00000028       0x5c c:/program files (x86)/cypress/psoc creator/4.2/psoc creator/import/gnu/arm/5.4.1/bin/../lib/gcc/arm-none-eabi/5.4.1/armv7-m/crtbegin.o
 .text.scaled_steer_step
                0x00000084       0x5c .\CortexM3\ARM_GCC_541\Debug\main.o
 .text.steer_bias_provider
                0x000000e0       0xac .\CortexM3\ARM_GCC_541\Debug\main.o
 .text.isr_qd_Handler
                0x0000018c      0x178 .\CortexM3\ARM_GCC_541\Debug\main.o
                0x0000018c                isr_qd_Handler
 .text.light_sensors_update_and_maybe_request_turn
                0x00000304      0x294 .\CortexM3\ARM_GCC_541\Debug\main.o
 .text.main     0x00000598      0x128 .\CortexM3\ARM_GCC_541\Debug\main.o
                0x00000598                main
 .text.Sensor_ComputePeakToPeak
                0x000006c0       0x68 .\CortexM3\ARM_GCC_541\Debug\sensors.o
                0x000006c0                Sensor_ComputePeakToPeak
 .text.clamp100
                0x00000728       0x2c .\CortexM3\ARM_GCC_541\Debug\motor_s.o
                0x00000728                clamp100
 .text.duty_to_compare
                0x00000754       0x48 .\CortexM3\ARM_GCC_541\Debug\motor_s.o
                0x00000754                duty_to_compare
 .text.motor_enable
                0x0000079c       0x40 .\CortexM3\ARM_GCC_541\Debug\motor_s.o
                0x0000079c                motor_enable
 .text.apply_right_trim
                0x000007dc       0x30 .\CortexM3\ARM_GCC_541\Debug\motor_s.o
                0x000007dc                apply_right_trim
 .text.set_motors_symmetric
                0x0000080c       0x3c .\CortexM3\ARM_GCC_541\Debug\motor_s.o
                0x0000080c                set_motors_symmetric
 .text.set_motors_with_trim_and_steer
                0x00000848       0x88 .\CortexM3\ARM_GCC_541\Debug\motor_s.o
                0x00000848                set_motors_with_trim_and_steer
 .text.pivot_steer
                0x000008d0       0x18 .\CortexM3\ARM_GCC_541\Debug\directions.o
 .text.brake_quick
                0x000008e8       0x30 .\CortexM3\ARM_GCC_541\Debug\directions.o
 .text.Directions_Init
                0x00000918        0xc .\CortexM3\ARM_GCC_541\Debug\directions.o
                0x00000918                Directions_Init
 .text.Directions_Handle
                0x00000924       0x74 .\CortexM3\ARM_GCC_541\Debug\directions.o
                0x00000924                Directions_Handle
 .text.CYMEMZERO
                0x00000998       0x1c .\CortexM3\ARM_GCC_541\Debug\cyfitter_cfg.o
 .text.CYCONFIGCPY
                0x000009b4       0x20 .\CortexM3\ARM_GCC_541\Debug\cyfitter_cfg.o
 .text.CyClockStartupError
                0x000009d4        0xc .\CortexM3\ARM_GCC_541\Debug\cyfitter_cfg.o
 .text.cfg_write_bytes32
                0x000009e0       0x74 .\CortexM3\ARM_GCC_541\Debug\cyfitter_cfg.o
 .text.ClockSetup
                0x00000a54      0x16c .\CortexM3\ARM_GCC_541\Debug\cyfitter_cfg.o
 .text.AnalogSetDefault
                0x00000bc0       0xd0 .\CortexM3\ARM_GCC_541\Debug\cyfitter_cfg.o
 .text.cyfitter_cfg
                0x00000c90      0x1e0 .\CortexM3\ARM_GCC_541\Debug\cyfitter_cfg.o
                0x00000c90                cyfitter_cfg
 .text.IntDefaultHandler
                0x00000e70       0x14 .\CortexM3\ARM_GCC_541\Debug\Cm3Start.o
                0x00000e70                IntDefaultHandler
 .text.Start_c  0x00000e84       0x98 .\CortexM3\ARM_GCC_541\Debug\Cm3Start.o
                0x00000e84                Start_c
 .text.initialize_psoc
                0x00000f1c       0x94 .\CortexM3\ARM_GCC_541\Debug\Cm3Start.o
                0x00000f1c                initialize_psoc
 .text.ADC_Init
                0x00000fb0       0x50 .\CortexM3\ARM_GCC_541\Debug\CS301_Class.a(ADC.o)
                0x00000fb0                ADC_Init
 .text.ADC_Enable
                0x00001000      0x130 .\CortexM3\ARM_GCC_541\Debug\CS301_Class.a(ADC.o)
                0x00001000                ADC_Enable
 .text.ADC_Start
                0x00001130       0x30 .\CortexM3\ARM_GCC_541\Debug\CS301_Class.a(ADC.o)
                0x00001130                ADC_Start
 .text.ADC_StartConvert
                0x00001160        0xc .\CortexM3\ARM_GCC_541\Debug\CS301_Class.a(ADC.o)
                0x00001160                ADC_StartConvert
 .text.ADC_StopConvert
                0x0000116c        0xc .\CortexM3\ARM_GCC_541\Debug\CS301_Class.a(ADC.o)
                0x0000116c                ADC_StopConvert
 .text.ADC_GetResult16
                0x00001178       0x38 .\CortexM3\ARM_GCC_541\Debug\CS301_Class.a(ADC.o)
                0x00001178                ADC_GetResult16
 .text.ADC_ISR  0x000011b0        0xc .\CortexM3\ARM_GCC_541\Debug\CS301_Class.a(ADC_INT.o)
                0x000011b0                ADC_ISR
 .text.CONTROL_Write
                0x000011bc       0x20 .\CortexM3\ARM_GCC_541\Debug\CS301_Class.a(CONTROL.o)
                0x000011bc                CONTROL_Write
 .text.ADC_SAR_Start
                0x000011dc       0x24 .\CortexM3\ARM_GCC_541\Debug\CS301_Class.a(ADC_SAR.o)
                0x000011dc                ADC_SAR_Start
 .text.ADC_SAR_Init
                0x00001200       0x2c .\CortexM3\ARM_GCC_541\Debug\CS301_Class.a(ADC_SAR.o)
                0x00001200                ADC_SAR_Init
 .text.ADC_SAR_Enable
                0x0000122c       0xc4 .\CortexM3\ARM_GCC_541\Debug\CS301_Class.a(ADC_SAR.o)
                0x0000122c                ADC_SAR_Enable
 .text.ADC_SAR_SetResolution
                0x000012f0       0x54 .\CortexM3\ARM_GCC_541\Debug\CS301_Class.a(ADC_SAR.o)
                0x000012f0                ADC_SAR_SetResolution
 .text.ADC_SAR_StartConvert
                0x00001344       0x20 .\CortexM3\ARM_GCC_541\Debug\CS301_Class.a(ADC_SAR.o)
                0x00001344                ADC_SAR_StartConvert
 .text.ADC_SAR_StopConvert
                0x00001364       0x20 .\CortexM3\ARM_GCC_541\Debug\CS301_Class.a(ADC_SAR.o)
                0x00001364                ADC_SAR_StopConvert
 .text.ADC_SAR_CalcGain
                0x00001384       0x80 .\CortexM3\ARM_GCC_541\Debug\CS301_Class.a(ADC_SAR.o)
 .text.ADC_TempBuf_DmaInitialize
                0x00001404       0x64 .\CortexM3\ARM_GCC_541\Debug\CS301_Class.a(ADC_TempBuf_dma.o)
                0x00001404                ADC_TempBuf_DmaInitialize
 .text.ADC_FinalBuf_DmaInitialize
                0x00001468       0x64 .\CortexM3\ARM_GCC_541\Debug\CS301_Class.a(ADC_FinalBuf_dma.o)
                0x00001468                ADC_FinalBuf_DmaInitialize
 .text.ADC_IRQ_SetVector
                0x000014cc       0x24 .\CortexM3\ARM_GCC_541\Debug\CS301_Class.a(ADC_IRQ.o)
                0x000014cc                ADC_IRQ_SetVector
 .text.ADC_IRQ_SetPriority
                0x000014f0       0x24 .\CortexM3\ARM_GCC_541\Debug\CS301_Class.a(ADC_IRQ.o)
                0x000014f0                ADC_IRQ_SetPriority
 .text.CyDmacConfigure
                0x00001514       0x5c .\CortexM3\ARM_GCC_541\Debug\CS301_Class.a(CyDmac.o)
                0x00001514                CyDmacConfigure
 .text.CyDmaChEnable
                0x00001570       0x8c .\CortexM3\ARM_GCC_541\Debug\CS301_Class.a(CyDmac.o)
                0x00001570                CyDmaChEnable
 .text.CyDmaClearPendingDrq
                0x000015fc       0x60 .\CortexM3\ARM_GCC_541\Debug\CS301_Class.a(CyDmac.o)
                0x000015fc                CyDmaClearPendingDrq
 .text.CyDmaChPriority
                0x0000165c       0x64 .\CortexM3\ARM_GCC_541\Debug\CS301_Class.a(CyDmac.o)
                0x0000165c                CyDmaChPriority
 .text.CyDmaChSetExtendedAddress
                0x000016c0       0x78 .\CortexM3\ARM_GCC_541\Debug\CS301_Class.a(CyDmac.o)
                0x000016c0                CyDmaChSetExtendedAddress
 .text.CyDmaChSetInitialTd
                0x00001738       0x3c .\CortexM3\ARM_GCC_541\Debug\CS301_Class.a(CyDmac.o)
                0x00001738                CyDmaChSetInitialTd
 .text.CyDmaChSetConfiguration
                0x00001774       0xa0 .\CortexM3\ARM_GCC_541\Debug\CS301_Class.a(CyDmac.o)
                0x00001774                CyDmaChSetConfiguration
 .text.CyDmaTdAllocate
                0x00001814       0x5c .\CortexM3\ARM_GCC_541\Debug\CS301_Class.a(CyDmac.o)
                0x00001814                CyDmaTdAllocate
 .text.CyDmaTdSetConfiguration
                0x00001870       0x80 .\CortexM3\ARM_GCC_541\Debug\CS301_Class.a(CyDmac.o)
                0x00001870                CyDmaTdSetConfiguration
 .text.CyDmaTdSetAddress
                0x000018f0       0x5c .\CortexM3\ARM_GCC_541\Debug\CS301_Class.a(CyDmac.o)
                0x000018f0                CyDmaTdSetAddress
 .text.CyHalt   0x0000194c       0x18 .\CortexM3\ARM_GCC_541\Debug\CS301_Class.a(CyLib.o)
                0x0000194c                CyHalt
 .text.CyDelay  0x00001964       0x44 .\CortexM3\ARM_GCC_541\Debug\CS301_Class.a(CyLib.o)
                0x00001964                CyDelay
 .text.CyDelayUs
                0x000019a8       0x28 .\CortexM3\ARM_GCC_541\Debug\CS301_Class.a(CyLib.o)
                0x000019a8                CyDelayUs
 .text.PWM_1_Start
                0x000019d0       0x24 .\CortexM3\ARM_GCC_541\Debug\CS301_Class.a(PWM_1.o)
                0x000019d0                PWM_1_Start
 .text.PWM_1_Init
                0x000019f4       0xbc .\CortexM3\ARM_GCC_541\Debug\CS301_Class.a(PWM_1.o)
                0x000019f4                PWM_1_Init
 .text.PWM_1_Enable
                0x00001ab0       0x48 .\CortexM3\ARM_GCC_541\Debug\CS301_Class.a(PWM_1.o)
                0x00001ab0                PWM_1_Enable
 .text.PWM_1_WritePeriod
                0x00001af8       0x20 .\CortexM3\ARM_GCC_541\Debug\CS301_Class.a(PWM_1.o)
                0x00001af8                PWM_1_WritePeriod
 .text.PWM_1_WriteCompare
                0x00001b18       0x20 .\CortexM3\ARM_GCC_541\Debug\CS301_Class.a(PWM_1.o)
                0x00001b18                PWM_1_WriteCompare
 .text.PWM_1_SetInterruptMode
                0x00001b38       0x20 .\CortexM3\ARM_GCC_541\Debug\CS301_Class.a(PWM_1.o)
                0x00001b38                PWM_1_SetInterruptMode
 .text.Clock_PWM_Start
                0x00001b58       0x34 .\CortexM3\ARM_GCC_541\Debug\CS301_Class.a(Clock_PWM.o)
                0x00001b58                Clock_PWM_Start
 .text.Clock_QENC_Start
                0x00001b8c       0x34 .\CortexM3\ARM_GCC_541\Debug\CS301_Class.a(Clock_QENC.o)
                0x00001b8c                Clock_QENC_Start
 .text.PWM_2_Start
                0x00001bc0       0x24 .\CortexM3\ARM_GCC_541\Debug\CS301_Class.a(PWM_2.o)
                0x00001bc0                PWM_2_Start
 .text.PWM_2_Init
                0x00001be4       0xbc .\CortexM3\ARM_GCC_541\Debug\CS301_Class.a(PWM_2.o)
                0x00001be4                PWM_2_Init
 .text.PWM_2_Enable
                0x00001ca0       0x48 .\CortexM3\ARM_GCC_541\Debug\CS301_Class.a(PWM_2.o)
                0x00001ca0                PWM_2_Enable
 .text.PWM_2_WritePeriod
                0x00001ce8       0x20 .\CortexM3\ARM_GCC_541\Debug\CS301_Class.a(PWM_2.o)
                0x00001ce8                PWM_2_WritePeriod
 .text.PWM_2_WriteCompare
                0x00001d08       0x20 .\CortexM3\ARM_GCC_541\Debug\CS301_Class.a(PWM_2.o)
                0x00001d08                PWM_2_WriteCompare
 .text.PWM_2_SetInterruptMode
                0x00001d28       0x20 .\CortexM3\ARM_GCC_541\Debug\CS301_Class.a(PWM_2.o)
                0x00001d28                PWM_2_SetInterruptMode
 .text.QuadDec_M1_Init
                0x00001d48        0xc .\CortexM3\ARM_GCC_541\Debug\CS301_Class.a(QuadDec_M1.o)
                0x00001d48                QuadDec_M1_Init
 .text.QuadDec_M1_Enable
                0x00001d54       0x3c .\CortexM3\ARM_GCC_541\Debug\CS301_Class.a(QuadDec_M1.o)
                0x00001d54                QuadDec_M1_Enable
 .text.QuadDec_M1_Start
                0x00001d90       0x30 .\CortexM3\ARM_GCC_541\Debug\CS301_Class.a(QuadDec_M1.o)
                0x00001d90                QuadDec_M1_Start
 .text.QuadDec_M1_GetCounter
                0x00001dc0       0x24 .\CortexM3\ARM_GCC_541\Debug\CS301_Class.a(QuadDec_M1.o)
                0x00001dc0                QuadDec_M1_GetCounter
 .text.QuadDec_M1_SetCounter
                0x00001de4       0x34 .\CortexM3\ARM_GCC_541\Debug\CS301_Class.a(QuadDec_M1.o)
                0x00001de4                QuadDec_M1_SetCounter
 .text.QuadDec_M1_GetEvents
                0x00001e18       0x1c .\CortexM3\ARM_GCC_541\Debug\CS301_Class.a(QuadDec_M1.o)
                0x00001e18                QuadDec_M1_GetEvents
 .text.QuadDec_M1_SetInterruptMask
                0x00001e34       0x20 .\CortexM3\ARM_GCC_541\Debug\CS301_Class.a(QuadDec_M1.o)
                0x00001e34                QuadDec_M1_SetInterruptMask
 .text.QuadDec_M2_Init
                0x00001e54        0xc .\CortexM3\ARM_GCC_541\Debug\CS301_Class.a(QuadDec_M2.o)
                0x00001e54                QuadDec_M2_Init
 .text.QuadDec_M2_Enable
                0x00001e60       0x3c .\CortexM3\ARM_GCC_541\Debug\CS301_Class.a(QuadDec_M2.o)
                0x00001e60                QuadDec_M2_Enable
 .text.QuadDec_M2_Start
                0x00001e9c       0x30 .\CortexM3\ARM_GCC_541\Debug\CS301_Class.a(QuadDec_M2.o)
                0x00001e9c                QuadDec_M2_Start
 .text.QuadDec_M2_GetCounter
                0x00001ecc       0x24 .\CortexM3\ARM_GCC_541\Debug\CS301_Class.a(QuadDec_M2.o)
                0x00001ecc                QuadDec_M2_GetCounter
 .text.QuadDec_M2_SetCounter
                0x00001ef0       0x34 .\CortexM3\ARM_GCC_541\Debug\CS301_Class.a(QuadDec_M2.o)
                0x00001ef0                QuadDec_M2_SetCounter
 .text.QuadDec_M2_GetEvents
                0x00001f24       0x1c .\CortexM3\ARM_GCC_541\Debug\CS301_Class.a(QuadDec_M2.o)
                0x00001f24                QuadDec_M2_GetEvents
 .text.QuadDec_M2_SetInterruptMask
                0x00001f40       0x20 .\CortexM3\ARM_GCC_541\Debug\CS301_Class.a(QuadDec_M2.o)
                0x00001f40                QuadDec_M2_SetInterruptMask
 .text.QuadDec_M1_Cnt16_Init
                0x00001f60       0x80 .\CortexM3\ARM_GCC_541\Debug\CS301_Class.a(QuadDec_M1_Cnt16.o)
                0x00001f60                QuadDec_M1_Cnt16_Init
 .text.QuadDec_M1_Cnt16_Enable
                0x00001fe0       0x20 .\CortexM3\ARM_GCC_541\Debug\CS301_Class.a(QuadDec_M1_Cnt16.o)
                0x00001fe0                QuadDec_M1_Cnt16_Enable
 .text.QuadDec_M1_Cnt16_Start
                0x00002000       0x24 .\CortexM3\ARM_GCC_541\Debug\CS301_Class.a(QuadDec_M1_Cnt16.o)
                0x00002000                QuadDec_M1_Cnt16_Start
 .text.QuadDec_M1_Cnt16_SetInterruptMode
                0x00002024       0x20 .\CortexM3\ARM_GCC_541\Debug\CS301_Class.a(QuadDec_M1_Cnt16.o)
                0x00002024                QuadDec_M1_Cnt16_SetInterruptMode
 .text.QuadDec_M1_Cnt16_ReadStatusRegister
                0x00002044       0x18 .\CortexM3\ARM_GCC_541\Debug\CS301_Class.a(QuadDec_M1_Cnt16.o)
                0x00002044                QuadDec_M1_Cnt16_ReadStatusRegister
 .text.QuadDec_M1_Cnt16_WriteCounter
                0x0000205c       0x20 .\CortexM3\ARM_GCC_541\Debug\CS301_Class.a(QuadDec_M1_Cnt16.o)
                0x0000205c                QuadDec_M1_Cnt16_WriteCounter
 .text.QuadDec_M1_Cnt16_ReadCounter
                0x0000207c       0x20 .\CortexM3\ARM_GCC_541\Debug\CS301_Class.a(QuadDec_M1_Cnt16.o)
                0x0000207c                QuadDec_M1_Cnt16_ReadCounter
 .text.QuadDec_M1_Cnt16_ReadCapture
                0x0000209c       0x18 .\CortexM3\ARM_GCC_541\Debug\CS301_Class.a(QuadDec_M1_Cnt16.o)
                0x0000209c                QuadDec_M1_Cnt16_ReadCapture
 .text.QuadDec_M1_Cnt16_WritePeriod
                0x000020b4       0x20 .\CortexM3\ARM_GCC_541\Debug\CS301_Class.a(QuadDec_M1_Cnt16.o)
                0x000020b4                QuadDec_M1_Cnt16_WritePeriod
 .text.QuadDec_M1_Cnt16_WriteCompare
                0x000020d4       0x20 .\CortexM3\ARM_GCC_541\Debug\CS301_Class.a(QuadDec_M1_Cnt16.o)
                0x000020d4                QuadDec_M1_Cnt16_WriteCompare
 .text.QuadDec_M1_Cnt16_ClearFIFO
                0x000020f4       0x1c .\CortexM3\ARM_GCC_541\Debug\CS301_Class.a(QuadDec_M1_Cnt16.o)
                0x000020f4                QuadDec_M1_Cnt16_ClearFIFO
 .text.QuadDec_M2_Cnt16_Init
                0x00002110       0x80 .\CortexM3\ARM_GCC_541\Debug\CS301_Class.a(QuadDec_M2_Cnt16.o)
                0x00002110                QuadDec_M2_Cnt16_Init
 .text.QuadDec_M2_Cnt16_Enable
                0x00002190       0x20 .\CortexM3\ARM_GCC_541\Debug\CS301_Class.a(QuadDec_M2_Cnt16.o)
                0x00002190                QuadDec_M2_Cnt16_Enable
 .text.QuadDec_M2_Cnt16_Start
                0x000021b0       0x24 .\CortexM3\ARM_GCC_541\Debug\CS301_Class.a(QuadDec_M2_Cnt16.o)
                0x000021b0                QuadDec_M2_Cnt16_Start
 .text.QuadDec_M2_Cnt16_SetInterruptMode
                0x000021d4       0x20 .\CortexM3\ARM_GCC_541\Debug\CS301_Class.a(QuadDec_M2_Cnt16.o)
                0x000021d4                QuadDec_M2_Cnt16_SetInterruptMode
 .text.QuadDec_M2_Cnt16_ReadStatusRegister
                0x000021f4       0x18 .\CortexM3\ARM_GCC_541\Debug\CS301_Class.a(QuadDec_M2_Cnt16.o)
                0x000021f4                QuadDec_M2_Cnt16_ReadStatusRegister
 .text.QuadDec_M2_Cnt16_WriteCounter
                0x0000220c       0x20 .\CortexM3\ARM_GCC_541\Debug\CS301_Class.a(QuadDec_M2_Cnt16.o)
                0x0000220c                QuadDec_M2_Cnt16_WriteCounter
 .text.QuadDec_M2_Cnt16_ReadCounter
                0x0000222c       0x20 .\CortexM3\ARM_GCC_541\Debug\CS301_Class.a(QuadDec_M2_Cnt16.o)
                0x0000222c                QuadDec_M2_Cnt16_ReadCounter
 .text.QuadDec_M2_Cnt16_ReadCapture
                0x0000224c       0x18 .\CortexM3\ARM_GCC_541\Debug\CS301_Class.a(QuadDec_M2_Cnt16.o)
                0x0000224c                QuadDec_M2_Cnt16_ReadCapture
 .text.QuadDec_M2_Cnt16_WritePeriod
                0x00002264       0x20 .\CortexM3\ARM_GCC_541\Debug\CS301_Class.a(QuadDec_M2_Cnt16.o)
                0x00002264                QuadDec_M2_Cnt16_WritePeriod
 .text.QuadDec_M2_Cnt16_WriteCompare
                0x00002284       0x20 .\CortexM3\ARM_GCC_541\Debug\CS301_Class.a(QuadDec_M2_Cnt16.o)
                0x00002284                QuadDec_M2_Cnt16_WriteCompare
 .text.QuadDec_M2_Cnt16_ClearFIFO
                0x000022a4       0x1c .\CortexM3\ARM_GCC_541\Debug\CS301_Class.a(QuadDec_M2_Cnt16.o)
                0x000022a4                QuadDec_M2_Cnt16_ClearFIFO
 .text.Clock_QD_Start
                0x000022c0       0x34 .\CortexM3\ARM_GCC_541\Debug\CS301_Class.a(Clock_QD.o)
                0x000022c0                Clock_QD_Start
 .text.Timer_QD_Init
                0x000022f4       0x9c .\CortexM3\ARM_GCC_541\Debug\CS301_Class.a(Timer_QD.o)
                0x000022f4                Timer_QD_Init
 .text.Timer_QD_Enable
                0x00002390       0x48 .\CortexM3\ARM_GCC_541\Debug\CS301_Class.a(Timer_QD.o)
                0x00002390                Timer_QD_Enable
 .text.Timer_QD_Start
                0x000023d8       0x24 .\CortexM3\ARM_GCC_541\Debug\CS301_Class.a(Timer_QD.o)
                0x000023d8                Timer_QD_Start
 .text.Timer_QD_SetInterruptMode
                0x000023fc       0x20 .\CortexM3\ARM_GCC_541\Debug\CS301_Class.a(Timer_QD.o)
                0x000023fc                Timer_QD_SetInterruptMode
 .text.Timer_QD_ReadStatusRegister
                0x0000241c       0x18 .\CortexM3\ARM_GCC_541\Debug\CS301_Class.a(Timer_QD.o)
                0x0000241c                Timer_QD_ReadStatusRegister
 .text.Timer_QD_WritePeriod
                0x00002434       0x24 .\CortexM3\ARM_GCC_541\Debug\CS301_Class.a(Timer_QD.o)
                0x00002434                Timer_QD_WritePeriod
 .text.Timer_QD_WriteCounter
                0x00002458       0x20 .\CortexM3\ARM_GCC_541\Debug\CS301_Class.a(Timer_QD.o)
                0x00002458                Timer_QD_WriteCounter
 .text.isr_qd_StartEx
                0x00002478       0x24 .\CortexM3\ARM_GCC_541\Debug\CS301_Class.a(isr_qd.o)
                0x00002478                isr_qd_StartEx
 .text.isr_qd_SetVector
                0x0000249c       0x24 .\CortexM3\ARM_GCC_541\Debug\CS301_Class.a(isr_qd.o)
                0x0000249c                isr_qd_SetVector
 .text.isr_qd_SetPriority
                0x000024c0       0x24 .\CortexM3\ARM_GCC_541\Debug\CS301_Class.a(isr_qd.o)
                0x000024c0                isr_qd_SetPriority
 .text.isr_qd_Enable
                0x000024e4       0x18 .\CortexM3\ARM_GCC_541\Debug\CS301_Class.a(isr_qd.o)
                0x000024e4                isr_qd_Enable
 .text.isr_qd_Disable
                0x000024fc       0x18 .\CortexM3\ARM_GCC_541\Debug\CS301_Class.a(isr_qd.o)
                0x000024fc                isr_qd_Disable
 *fill*         0x00002514        0x4 
 .text          0x00002518       0x20 .\CortexM3\ARM_GCC_541\Debug\CS301_Class.a(CyBootAsmGnu.o)
                0x00002518                CyDelayCycles
                0x00002528                CyEnterCriticalSection
                0x00002530                CyExitCriticalSection
 .text          0x00002538       0xa0 c:/program files (x86)/cypress/psoc creator/4.2/psoc creator/import/gnu/arm/5.4.1/bin/../lib/gcc/arm-none-eabi/5.4.1/armv7-m\libgcc.a(_aeabi_ldivmod.o)
                0x00002538                __aeabi_ldivmod
 .text          0x000025d8      0x2ec c:/program files (x86)/cypress/psoc creator/4.2/psoc creator/import/gnu/arm/5.4.1/bin/../lib/gcc/arm-none-eabi/5.4.1/armv7-m\libgcc.a(_udivmoddi4.o)
                0x000025d8                __udivmoddi4
 .text          0x000028c4        0x4 c:/program files (x86)/cypress/psoc creator/4.2/psoc creator/import/gnu/arm/5.4.1/bin/../lib/gcc/arm-none-eabi/5.4.1/armv7-m\libgcc.a(_dvmd_tls.o)
                0x000028c4                __aeabi_idiv0
                0x000028c4                __aeabi_ldiv0
 .text.__errno  0x000028c8        0xc c:/program files (x86)/cypress/psoc creator/4.2/psoc creator/import/gnu/arm/5.4.1/bin/../lib/gcc/arm-none-eabi/5.4.1/../../../../arm-none-eabi/lib/armv7-m\libg_nano.a(lib_a-errno.o)
                0x000028c8                __errno
 .text.__libc_init_array
                0x000028d4       0x4c c:/program files (x86)/cypress/psoc creator/4.2/psoc creator/import/gnu/arm/5.4.1/bin/../lib/gcc/arm-none-eabi/5.4.1/../../../../arm-none-eabi/lib/armv7-m\libg_nano.a(lib_a-init.o)
                0x000028d4                __libc_init_array
 .text.memcpy   0x00002920       0x16 c:/program files (x86)/cypress/psoc creator/4.2/psoc creator/import/gnu/arm/5.4.1/bin/../lib/gcc/arm-none-eabi/5.4.1/../../../../arm-none-eabi/lib/armv7-m\libg_nano.a(lib_a-memcpy-stub.o)
                0x00002920                memcpy
 .text.memset   0x00002936       0x10 c:/program files (x86)/cypress/psoc creator/4.2/psoc creator/import/gnu/arm/5.4.1/bin/../lib/gcc/arm-none-eabi/5.4.1/../../../../arm-none-eabi/lib/armv7-m\libg_nano.a(lib_a-memset.o)
                0x00002936                memset
 *(.plt)
 *(.gnu.warning)
 *(.glue_7t)
 .glue_7t       0x00002946        0x0 linker stubs
 *(.glue_7)
 .glue_7        0x00002946        0x0 linker stubs
 *(.vfp11_veneer)
 .vfp11_veneer  0x00002946        0x0 linker stubs
 *(.bootloader)
 *(.ARM.extab* .gnu.linkonce.armextab.*)
 *(.gcc_except_table)

.v4_bx          0x00002948        0x0
 .v4_bx         0x00002948        0x0 linker stubs

.iplt           0x00002948        0x0
 .iplt          0x00002948        0x0 c:/program files (x86)/cypress/psoc creator/4.2/psoc creator/import/gnu/arm/5.4.1/bin/../lib/gcc/arm-none-eabi/5.4.1/armv7-m/crtbegin.o

.eh_frame_hdr
 *(.eh_frame_hdr)

.eh_frame       0x00002948        0x4
 *(.eh_frame)
 .eh_frame      0x00002948        0x0 c:/program files (x86)/cypress/psoc creator/4.2/psoc creator/import/gnu/arm/5.4.1/bin/../lib/gcc/arm-none-eabi/5.4.1/armv7-m/crtbegin.o
 .eh_frame      0x00002948        0x4 c:/program files (x86)/cypress/psoc creator/4.2/psoc creator/import/gnu/arm/5.4.1/bin/../lib/gcc/arm-none-eabi/5.4.1/armv7-m/crtend.o
                [!provide]                PROVIDE (__exidx_start, .)

.ARM.exidx      0x0000294c        0x8
 *(.ARM.exidx* .gnu.linkonce.armexidx.*)
 .ARM.exidx     0x0000294c        0x8 c:/program files (x86)/cypress/psoc creator/4.2/psoc creator/import/gnu/arm/5.4.1/bin/../lib/gcc/arm-none-eabi/5.4.1/armv7-m\libgcc.a(_udivmoddi4.o)
                0x00002954                __exidx_end = .

.rodata         0x00002954       0x6c
 *(.rodata .rodata.* .gnu.linkonce.r.*)
 .rodata        0x00002954       0x36 .\CortexM3\ARM_GCC_541\Debug\cyfitter_cfg.o
 .rodata.str1.1
                0x0000298a        0x2 c:/program files (x86)/cypress/psoc creator/4.2/psoc creator/import/gnu/arm/5.4.1/bin/../lib/gcc/arm-none-eabi/5.4.1/../../../../arm-none-eabi/lib/armv7-m\libg_nano.a(lib_a-impure.o)
                0x0000298c                . = ALIGN (0x4)
 *(.init)
 .init          0x0000298c        0x4 c:/program files (x86)/cypress/psoc creator/4.2/psoc creator/import/gnu/arm/5.4.1/bin/../lib/gcc/arm-none-eabi/5.4.1/armv7-m/crti.o
                0x0000298c                _init
 .init          0x00002990        0x8 c:/program files (x86)/cypress/psoc creator/4.2/psoc creator/import/gnu/arm/5.4.1/bin/../lib/gcc/arm-none-eabi/5.4.1/armv7-m/crtn.o
                0x00002998                . = ALIGN (0x4)
                0x00002998                __preinit_array_start = .
 *(.preinit_array)
                0x00002998                __preinit_array_end = .
                0x00002998                . = ALIGN (0x4)
                0x00002998                __init_array_start = .
 *(SORT(.init_array.*))
 *(.init_array)
 .init_array    0x00002998        0x4 c:/program files (x86)/cypress/psoc creator/4.2/psoc creator/import/gnu/arm/5.4.1/bin/../lib/gcc/arm-none-eabi/5.4.1/armv7-m/crtbegin.o
 .init_array    0x0000299c        0x4 .\CortexM3\ARM_GCC_541\Debug\Cm3Start.o
                0x000029a0                __init_array_end = .
                0x000029a0                . = ALIGN (0x4)
 *(.fini)
 .fini          0x000029a0        0x4 c:/program files (x86)/cypress/psoc creator/4.2/psoc creator/import/gnu/arm/5.4.1/bin/../lib/gcc/arm-none-eabi/5.4.1/armv7-m/crti.o
                0x000029a0                _fini
 .fini          0x000029a4        0x8 c:/program files (x86)/cypress/psoc creator/4.2/psoc creator/import/gnu/arm/5.4.1/bin/../lib/gcc/arm-none-eabi/5.4.1/armv7-m/crtn.o
                0x000029ac                . = ALIGN (0x4)
                0x000029ac                __fini_array_start = .
 *(.fini_array)
 .fini_array    0x000029ac        0x4 c:/program files (x86)/cypress/psoc creator/4.2/psoc creator/import/gnu/arm/5.4.1/bin/../lib/gcc/arm-none-eabi/5.4.1/armv7-m/crtbegin.o
 *(SORT(.fini_array.*))
                0x000029b0                __fini_array_end = .
                0x000029b0                . = ALIGN (0x4)
 *crtbegin.o(.ctors)
 *(EXCLUDE_FILE(*crtend.o) .ctors)
 *(SORT(.ctors.*))
 *crtend.o(.ctors)
                0x000029b0                . = ALIGN (0x4)
 *crtbegin.o(.dtors)
 *(EXCLUDE_FILE(*crtend.o) .dtors)
 *(SORT(.dtors.*))
 *crtend.o(.dtors)
                0x000029b0                . = ALIGN (0x4)
                0x000029b0                __cy_regions = .
                0x000029b0        0x4 LONG 0x29c0 __cy_region_init_ram
                0x000029b4        0x4 LONG 0x1fff80c8 __cy_region_start_data
                0x000029b8        0x4 LONG 0x88 __cy_region_init_size_ram
                0x000029bc        0x4 LONG 0x68 __cy_region_zero_size_ram
                0x000029c0                __cy_regions_end = .
                0x000029c0                . = ALIGN (0x8)
                0x000029c0                _etext = .

.cy_checksum_exclude
                0x000029c0        0x0
 *(.cy_checksum_exclude)

.ramvectors     0x1fff8000       0xc0
                0x1fff8000                __cy_region_start_ram = .
 *(.ramvectors)
 .ramvectors    0x1fff8000       0xc0 .\CortexM3\ARM_GCC_541\Debug\Cm3Start.o
                0x1fff8000                CyRamVectors

.noinit         0x1fff80c0        0x5
 *(.noinit)
 .noinit        0x1fff80c0        0x4 .\CortexM3\ARM_GCC_541\Debug\Cm3Start.o
 .noinit        0x1fff80c4        0x1 .\CortexM3\ARM_GCC_541\Debug\CS301_Class.a(CyLib.o)
                0x1fff80c4                CyResetStatus

.data           0x1fff80c8       0x88 load address 0x000029c0
                0x1fff80c8                __cy_region_start_data = .
 *(.jcr)
 .jcr           0x1fff80c8        0x0 c:/program files (x86)/cypress/psoc creator/4.2/psoc creator/import/gnu/arm/5.4.1/bin/../lib/gcc/arm-none-eabi/5.4.1/armv7-m/crtbegin.o
 .jcr           0x1fff80c8        0x4 c:/program files (x86)/cypress/psoc creator/4.2/psoc creator/import/gnu/arm/5.4.1/bin/../lib/gcc/arm-none-eabi/5.4.1/armv7-m/crtend.o
 *(.got.plt)
 *(.got)
 *(.shdata)
 *(.data .data.* .gnu.linkonce.d.*)
 .data          0x1fff80cc        0x2 .\CortexM3\ARM_GCC_541\Debug\CS301_Class.a(ADC.o)
 .data          0x1fff80ce        0x1 .\CortexM3\ARM_GCC_541\Debug\CS301_Class.a(ADC_TempBuf_dma.o)
                0x1fff80ce                ADC_TempBuf_DmaHandle
 .data          0x1fff80cf        0x1 .\CortexM3\ARM_GCC_541\Debug\CS301_Class.a(ADC_FinalBuf_dma.o)
                0x1fff80cf                ADC_FinalBuf_DmaHandle
 .data          0x1fff80d0        0x8 .\CortexM3\ARM_GCC_541\Debug\CS301_Class.a(CyDmac.o)
 .data          0x1fff80d8       0x10 .\CortexM3\ARM_GCC_541\Debug\CS301_Class.a(CyLib.o)
                0x1fff80d8                cydelay_freq_hz
                0x1fff80dc                cydelay_freq_khz
                0x1fff80e0                cydelay_freq_mhz
                0x1fff80e4                cydelay_32k_ms
 .data.impure_data
                0x1fff80e8       0x60 c:/program files (x86)/cypress/psoc creator/4.2/psoc creator/import/gnu/arm/5.4.1/bin/../lib/gcc/arm-none-eabi/5.4.1/../../../../arm-none-eabi/lib/armv7-m\libg_nano.a(lib_a-impure.o)
 .data._impure_ptr
                0x1fff8148        0x4 c:/program files (x86)/cypress/psoc creator/4.2/psoc creator/import/gnu/arm/5.4.1/bin/../lib/gcc/arm-none-eabi/5.4.1/../../../../arm-none-eabi/lib/armv7-m\libg_nano.a(lib_a-impure.o)
                0x1fff8148                _impure_ptr
                0x1fff8150                . = ALIGN (0x8)
 *fill*         0x1fff814c        0x4 
 *(.ram)
                0x1fff8150                _edata = .

.igot.plt       0x1fff8150        0x0 load address 0x00002a48
 .igot.plt      0x1fff8150        0x0 c:/program files (x86)/cypress/psoc creator/4.2/psoc creator/import/gnu/arm/5.4.1/bin/../lib/gcc/arm-none-eabi/5.4.1/armv7-m/crtbegin.o

.bss            0x1fff8150       0x68 load address 0x00002a48
                0x1fff8150                PROVIDE (__bss_start__, .)
 *(.shbss)
 *(.bss .bss.* .gnu.linkonce.b.*)
 .bss           0x1fff8150       0x1c c:/program files (x86)/cypress/psoc creator/4.2/psoc creator/import/gnu/arm/5.4.1/bin/../lib/gcc/arm-none-eabi/5.4.1/armv7-m/crtbegin.o
 .bss           0x1fff816c       0x13 .\CortexM3\ARM_GCC_541\Debug\main.o
 *fill*         0x1fff817f        0x1 
 .bss           0x1fff8180       0x14 .\CortexM3\ARM_GCC_541\Debug\CS301_Class.a(ADC.o)
                0x1fff8180                ADC_initVar
 .bss           0x1fff8194        0x1 .\CortexM3\ARM_GCC_541\Debug\CS301_Class.a(ADC_SAR.o)
                0x1fff8194                ADC_SAR_initVar
 .bss           0x1fff8195        0x1 .\CortexM3\ARM_GCC_541\Debug\CS301_Class.a(PWM_1.o)
                0x1fff8195                PWM_1_initVar
 .bss           0x1fff8196        0x1 .\CortexM3\ARM_GCC_541\Debug\CS301_Class.a(PWM_2.o)
                0x1fff8196                PWM_2_initVar
 .bss           0x1fff8197        0x1 .\CortexM3\ARM_GCC_541\Debug\CS301_Class.a(QuadDec_M1.o)
                0x1fff8197                QuadDec_M1_initVar
 .bss           0x1fff8198        0x1 .\CortexM3\ARM_GCC_541\Debug\CS301_Class.a(QuadDec_M2.o)
                0x1fff8198                QuadDec_M2_initVar
 .bss           0x1fff8199        0x1 .\CortexM3\ARM_GCC_541\Debug\CS301_Class.a(QuadDec_M1_Cnt16.o)
                0x1fff8199                QuadDec_M1_Cnt16_initVar
 .bss           0x1fff819a        0x1 .\CortexM3\ARM_GCC_541\Debug\CS301_Class.a(QuadDec_M2_Cnt16.o)
                0x1fff819a                QuadDec_M2_Cnt16_initVar
 .bss           0x1fff819b        0x1 .\CortexM3\ARM_GCC_541\Debug\CS301_Class.a(Timer_QD.o)
                0x1fff819b                Timer_QD_initVar
 *(COMMON)
 COMMON         0x1fff819c        0xc .\CortexM3\ARM_GCC_541\Debug\CS301_Class.a(ADC.o)
                0x1fff819c                ADC_finalArray
 COMMON         0x1fff81a8        0xa .\CortexM3\ARM_GCC_541\Debug\CS301_Class.a(ADC_SAR.o)
                0x1fff81a8                ADC_SAR_countsPerVolt
                0x1fff81aa                ADC_SAR_shift
                0x1fff81ac                ADC_SAR_countsPer10Volt
                0x1fff81b0                ADC_SAR_offset
                0x1fff81b8                . = ALIGN (0x8)
 *fill*         0x1fff81b2        0x6 
 *(.ram.b)
                0x1fff81b8                _end = .
                0x1fff81b8                __end = .
                0x1fff81b8                PROVIDE (end, .)
                0x1fff81b8                PROVIDE (__bss_end__, .)
                0x000029c0                __cy_region_init_ram = LOADADDR (.data)
                0x00000088                __cy_region_init_size_ram = (_edata - ADDR (.data))
                0x00000068                __cy_region_zero_size_ram = (_end - _edata)

.heap           0x1fff81b8       0x80 load address 0x00002a48
                0x1fff81b8                . = _end
                0x1fff8238                . = (. + 0x80)
 *fill*         0x1fff81b8       0x80 
                0x1fff8238                __cy_heap_limit = .

.stack          0x20007800      0x800
                0x20007800                __cy_stack_limit = .
                0x20008000                . = (. + 0x800)
 *fill*         0x20007800      0x800 
                0x00000001                ASSERT ((__cy_stack_limit >= __cy_heap_limit), region RAM overflowed with stack)
                0x00000000                cy_checksum_exclude_size = (CY_APPL_LOADABLE == 0x1)?SIZEOF (.cy_checksum_exclude):0x0
                0x00000001                ASSERT ((cy_checksum_exclude_size <= CY_CHECKSUM_EXCLUDE_SIZE), CY_BOOT: Section .cy_checksum_exclude size exceedes specified limit.)

.cyloadermeta
 *(.cyloadermeta)

.cyloadablemeta
 *(.cyloadablemeta)

.cyconfigecc    0x80000000     0x1000
 *(.cyconfigecc)
 .cyconfigecc   0x80000000     0x1000 .\CortexM3\ARM_GCC_541\Debug\cymetadata.o
                0x80000000                cy_meta_configecc

.cycustnvl      0x90000000        0x4
 *(.cycustnvl)
 .cycustnvl     0x90000000        0x4 .\CortexM3\ARM_GCC_541\Debug\cymetadata.o
                0x90000000                cy_meta_custnvl

.cywolatch      0x90100000        0x4
 *(.cywolatch)
 .cywolatch     0x90100000        0x4 .\CortexM3\ARM_GCC_541\Debug\cymetadata.o
                0x90100000                cy_meta_wonvl

.cyeeprom       0x90200000        0x0
 *(.cyeeprom)
                0x00000001                ASSERT ((. <= ((0x90200000 + ee_offset) + ee_size)), .cyeeprom data will not fit in EEPROM)

.cyflashprotect
                0x90400000      0x100
 *(.cyflashprotect)
 .cyflashprotect
                0x90400000      0x100 .\CortexM3\ARM_GCC_541\Debug\cymetadata.o
                0x90400000                cy_meta_flashprotect

.cymeta         0x90500000        0xc
 *(.cymeta)
 .cymeta        0x90500000        0xc .\CortexM3\ARM_GCC_541\Debug\cymetadata.o
                0x90500000                cy_metadata

.rel.dyn        0x00002a48        0x0 load address 0x9050000c
 .rel.iplt      0x00002a48        0x0 c:/program files (x86)/cypress/psoc creator/4.2/psoc creator/import/gnu/arm/5.4.1/bin/../lib/gcc/arm-none-eabi/5.4.1/armv7-m/crtbegin.o

.stab
 *(.stab)

.stabstr
 *(.stabstr)

.debug
 *(.debug)

.line
 *(.line)

.debug_srcinfo
 *(.debug_srcinfo)

.debug_sfnames
 *(.debug_sfnames)

.debug_aranges  0x00000000      0xea8
 *(.debug_aranges)
 .debug_aranges
                0x00000000       0x40 .\CortexM3\ARM_GCC_541\Debug\main.o
 .debug_aranges
                0x00000040       0x28 .\CortexM3\ARM_GCC_541\Debug\tacho.o
 .debug_aranges
                0x00000068       0x20 .\CortexM3\ARM_GCC_541\Debug\sensors.o
 .debug_aranges
                0x00000088       0x50 .\CortexM3\ARM_GCC_541\Debug\motor_s.o
 .debug_aranges
                0x000000d8       0x40 .\CortexM3\ARM_GCC_541\Debug\directions.o
 .debug_aranges
                0x00000118       0x60 .\CortexM3\ARM_GCC_541\Debug\cyfitter_cfg.o
 .debug_aranges
                0x00000178       0x18 .\CortexM3\ARM_GCC_541\Debug\cymetadata.o
 .debug_aranges
                0x00000190       0x48 .\CortexM3\ARM_GCC_541\Debug\Cm3Start.o
 .debug_aranges
                0x000001d8       0xa0 .\CortexM3\ARM_GCC_541\Debug\CS301_Class.a(ADC.o)
 .debug_aranges
                0x00000278       0x20 .\CortexM3\ARM_GCC_541\Debug\CS301_Class.a(ADC_INT.o)
 .debug_aranges
                0x00000298       0x28 .\CortexM3\ARM_GCC_541\Debug\CS301_Class.a(CONTROL.o)
 .debug_aranges
                0x000002c0       0xa8 .\CortexM3\ARM_GCC_541\Debug\CS301_Class.a(ADC_SAR.o)
 .debug_aranges
                0x00000368       0x28 .\CortexM3\ARM_GCC_541\Debug\CS301_Class.a(ADC_TempBuf_dma.o)
 .debug_aranges
                0x00000390       0x28 .\CortexM3\ARM_GCC_541\Debug\CS301_Class.a(ADC_FinalBuf_dma.o)
 .debug_aranges
                0x000003b8       0x80 .\CortexM3\ARM_GCC_541\Debug\CS301_Class.a(ADC_IRQ.o)
 .debug_aranges
                0x00000438       0xd8 .\CortexM3\ARM_GCC_541\Debug\CS301_Class.a(CyDmac.o)
 .debug_aranges
                0x00000510      0x2a0 .\CortexM3\ARM_GCC_541\Debug\CS301_Class.a(CyLib.o)
 .debug_aranges
                0x000007b0       0x98 .\CortexM3\ARM_GCC_541\Debug\CS301_Class.a(cyPm.o)
 .debug_aranges
                0x00000848       0x78 .\CortexM3\ARM_GCC_541\Debug\CS301_Class.a(PWM_1.o)
 .debug_aranges
                0x000008c0       0x70 .\CortexM3\ARM_GCC_541\Debug\CS301_Class.a(Clock_PWM.o)
 .debug_aranges
                0x00000930       0x70 .\CortexM3\ARM_GCC_541\Debug\CS301_Class.a(Clock_QENC.o)
 .debug_aranges
                0x000009a0       0x78 .\CortexM3\ARM_GCC_541\Debug\CS301_Class.a(PWM_2.o)
 .debug_aranges
                0x00000a18       0x60 .\CortexM3\ARM_GCC_541\Debug\CS301_Class.a(QuadDec_M1.o)
 .debug_aranges
                0x00000a78       0x60 .\CortexM3\ARM_GCC_541\Debug\CS301_Class.a(QuadDec_M2.o)
 .debug_aranges
                0x00000ad8       0x98 .\CortexM3\ARM_GCC_541\Debug\CS301_Class.a(QuadDec_M1_Cnt16.o)
 .debug_aranges
                0x00000b70       0x98 .\CortexM3\ARM_GCC_541\Debug\CS301_Class.a(QuadDec_M2_Cnt16.o)
 .debug_aranges
                0x00000c08       0x70 .\CortexM3\ARM_GCC_541\Debug\CS301_Class.a(Clock_QD.o)
 .debug_aranges
                0x00000c78       0x88 .\CortexM3\ARM_GCC_541\Debug\CS301_Class.a(Timer_QD.o)
 .debug_aranges
                0x00000d00       0x80 .\CortexM3\ARM_GCC_541\Debug\CS301_Class.a(isr_qd.o)
 .debug_aranges
                0x00000d80       0x20 .\CortexM3\ARM_GCC_541\Debug\CS301_Class.a(CyBootAsmGnu.o)
 .debug_aranges
                0x00000da0       0x88 .\CortexM3\ARM_GCC_541\Debug\CS301_Class.a(CyFlash.o)
 .debug_aranges
                0x00000e28       0x80 .\CortexM3\ARM_GCC_541\Debug\CS301_Class.a(CySpc.o)

.debug_pubnames
 *(.debug_pubnames)

.debug_info     0x00000000     0x6122
 *(.debug_info .gnu.linkonce.wi.*)
 .debug_info    0x00000000      0x496 .\CortexM3\ARM_GCC_541\Debug\main.o
 .debug_info    0x00000496      0x14e .\CortexM3\ARM_GCC_541\Debug\tacho.o
 .debug_info    0x000005e4      0x154 .\CortexM3\ARM_GCC_541\Debug\sensors.o
 .debug_info    0x00000738      0x24e .\CortexM3\ARM_GCC_541\Debug\motor_s.o
 .debug_info    0x00000986      0x19f .\CortexM3\ARM_GCC_541\Debug\directions.o
 .debug_info    0x00000b25      0x481 .\CortexM3\ARM_GCC_541\Debug\cyfitter_cfg.o
 .debug_info    0x00000fa6      0x139 .\CortexM3\ARM_GCC_541\Debug\cymetadata.o
 .debug_info    0x000010df      0x32b .\CortexM3\ARM_GCC_541\Debug\Cm3Start.o
 .debug_info    0x0000140a      0x3ab .\CortexM3\ARM_GCC_541\Debug\CS301_Class.a(ADC.o)
 .debug_info    0x000017b5       0xa0 .\CortexM3\ARM_GCC_541\Debug\CS301_Class.a(ADC_INT.o)
 .debug_info    0x00001855       0xd7 .\CortexM3\ARM_GCC_541\Debug\CS301_Class.a(CONTROL.o)
 .debug_info    0x0000192c      0x462 .\CortexM3\ARM_GCC_541\Debug\CS301_Class.a(ADC_SAR.o)
 .debug_info    0x00001d8e      0x11b .\CortexM3\ARM_GCC_541\Debug\CS301_Class.a(ADC_TempBuf_dma.o)
 .debug_info    0x00001ea9      0x11b .\CortexM3\ARM_GCC_541\Debug\CS301_Class.a(ADC_FinalBuf_dma.o)
 .debug_info    0x00001fc4      0x241 .\CortexM3\ARM_GCC_541\Debug\CS301_Class.a(ADC_IRQ.o)
 .debug_info    0x00002205      0x8c0 .\CortexM3\ARM_GCC_541\Debug\CS301_Class.a(CyDmac.o)
 .debug_info    0x00002ac5      0xe51 .\CortexM3\ARM_GCC_541\Debug\CS301_Class.a(CyLib.o)
 .debug_info    0x00003916      0x57a .\CortexM3\ARM_GCC_541\Debug\CS301_Class.a(cyPm.o)
 .debug_info    0x00003e90      0x235 .\CortexM3\ARM_GCC_541\Debug\CS301_Class.a(PWM_1.o)
 .debug_info    0x000040c5      0x25d .\CortexM3\ARM_GCC_541\Debug\CS301_Class.a(Clock_PWM.o)
 .debug_info    0x00004322      0x25d .\CortexM3\ARM_GCC_541\Debug\CS301_Class.a(Clock_QENC.o)
 .debug_info    0x0000457f      0x235 .\CortexM3\ARM_GCC_541\Debug\CS301_Class.a(PWM_2.o)
 .debug_info    0x000047b4      0x208 .\CortexM3\ARM_GCC_541\Debug\CS301_Class.a(QuadDec_M1.o)
 .debug_info    0x000049bc      0x208 .\CortexM3\ARM_GCC_541\Debug\CS301_Class.a(QuadDec_M2.o)
 .debug_info    0x00004bc4      0x291 .\CortexM3\ARM_GCC_541\Debug\CS301_Class.a(QuadDec_M1_Cnt16.o)
 .debug_info    0x00004e55      0x291 .\CortexM3\ARM_GCC_541\Debug\CS301_Class.a(QuadDec_M2_Cnt16.o)
 .debug_info    0x000050e6      0x25d .\CortexM3\ARM_GCC_541\Debug\CS301_Class.a(Clock_QD.o)
 .debug_info    0x00005343      0x245 .\CortexM3\ARM_GCC_541\Debug\CS301_Class.a(Timer_QD.o)
 .debug_info    0x00005588      0x241 .\CortexM3\ARM_GCC_541\Debug\CS301_Class.a(isr_qd.o)
 .debug_info    0x000057c9       0xe0 .\CortexM3\ARM_GCC_541\Debug\CS301_Class.a(CyBootAsmGnu.o)
 .debug_info    0x000058a9      0x3b9 .\CortexM3\ARM_GCC_541\Debug\CS301_Class.a(CyFlash.o)
 .debug_info    0x00005c62      0x4c0 .\CortexM3\ARM_GCC_541\Debug\CS301_Class.a(CySpc.o)

.debug_abbrev   0x00000000     0x22ab
 *(.debug_abbrev)
 .debug_abbrev  0x00000000      0x11d .\CortexM3\ARM_GCC_541\Debug\main.o
 .debug_abbrev  0x0000011d       0x96 .\CortexM3\ARM_GCC_541\Debug\tacho.o
 .debug_abbrev  0x000001b3       0xa1 .\CortexM3\ARM_GCC_541\Debug\sensors.o
 .debug_abbrev  0x00000254       0xea .\CortexM3\ARM_GCC_541\Debug\motor_s.o
 .debug_abbrev  0x0000033e       0xe9 .\CortexM3\ARM_GCC_541\Debug\directions.o
 .debug_abbrev  0x00000427      0x1b7 .\CortexM3\ARM_GCC_541\Debug\cyfitter_cfg.o
 .debug_abbrev  0x000005de       0x77 .\CortexM3\ARM_GCC_541\Debug\cymetadata.o
 .debug_abbrev  0x00000655      0x1d6 .\CortexM3\ARM_GCC_541\Debug\Cm3Start.o
 .debug_abbrev  0x0000082b      0x155 .\CortexM3\ARM_GCC_541\Debug\CS301_Class.a(ADC.o)
 .debug_abbrev  0x00000980       0x42 .\CortexM3\ARM_GCC_541\Debug\CS301_Class.a(ADC_INT.o)
 .debug_abbrev  0x000009c2       0x81 .\CortexM3\ARM_GCC_541\Debug\CS301_Class.a(CONTROL.o)
 .debug_abbrev  0x00000a43      0x173 .\CortexM3\ARM_GCC_541\Debug\CS301_Class.a(ADC_SAR.o)
 .debug_abbrev  0x00000bb6       0x8b .\CortexM3\ARM_GCC_541\Debug\CS301_Class.a(ADC_TempBuf_dma.o)
 .debug_abbrev  0x00000c41       0x8b .\CortexM3\ARM_GCC_541\Debug\CS301_Class.a(ADC_FinalBuf_dma.o)
 .debug_abbrev  0x00000ccc      0x172 .\CortexM3\ARM_GCC_541\Debug\CS301_Class.a(ADC_IRQ.o)
 .debug_abbrev  0x00000e3e      0x194 .\CortexM3\ARM_GCC_541\Debug\CS301_Class.a(CyDmac.o)
 .debug_abbrev  0x00000fd2      0x217 .\CortexM3\ARM_GCC_541\Debug\CS301_Class.a(CyLib.o)
 .debug_abbrev  0x000011e9      0x161 .\CortexM3\ARM_GCC_541\Debug\CS301_Class.a(cyPm.o)
 .debug_abbrev  0x0000134a      0x116 .\CortexM3\ARM_GCC_541\Debug\CS301_Class.a(PWM_1.o)
 .debug_abbrev  0x00001460      0x11d .\CortexM3\ARM_GCC_541\Debug\CS301_Class.a(Clock_PWM.o)
 .debug_abbrev  0x0000157d      0x11d .\CortexM3\ARM_GCC_541\Debug\CS301_Class.a(Clock_QENC.o)
 .debug_abbrev  0x0000169a      0x116 .\CortexM3\ARM_GCC_541\Debug\CS301_Class.a(PWM_2.o)
 .debug_abbrev  0x000017b0      0x130 .\CortexM3\ARM_GCC_541\Debug\CS301_Class.a(QuadDec_M1.o)
 .debug_abbrev  0x000018e0      0x130 .\CortexM3\ARM_GCC_541\Debug\CS301_Class.a(QuadDec_M2.o)
 .debug_abbrev  0x00001a10      0x12c .\CortexM3\ARM_GCC_541\Debug\CS301_Class.a(QuadDec_M1_Cnt16.o)
 .debug_abbrev  0x00001b3c      0x12c .\CortexM3\ARM_GCC_541\Debug\CS301_Class.a(QuadDec_M2_Cnt16.o)
 .debug_abbrev  0x00001c68      0x11d .\CortexM3\ARM_GCC_541\Debug\CS301_Class.a(Clock_QD.o)
 .debug_abbrev  0x00001d85       0xe9 .\CortexM3\ARM_GCC_541\Debug\CS301_Class.a(Timer_QD.o)
 .debug_abbrev  0x00001e6e      0x172 .\CortexM3\ARM_GCC_541\Debug\CS301_Class.a(isr_qd.o)
 .debug_abbrev  0x00001fe0       0x14 .\CortexM3\ARM_GCC_541\Debug\CS301_Class.a(CyBootAsmGnu.o)
 .debug_abbrev  0x00001ff4      0x14b .\CortexM3\ARM_GCC_541\Debug\CS301_Class.a(CyFlash.o)
 .debug_abbrev  0x0000213f      0x16c .\CortexM3\ARM_GCC_541\Debug\CS301_Class.a(CySpc.o)

.debug_line     0x00000000     0x3a41
 *(.debug_line)
 .debug_line    0x00000000      0x455 .\CortexM3\ARM_GCC_541\Debug\main.o
 .debug_line    0x00000455      0x183 .\CortexM3\ARM_GCC_541\Debug\tacho.o
 .debug_line    0x000005d8      0x175 .\CortexM3\ARM_GCC_541\Debug\sensors.o
 .debug_line    0x0000074d      0x235 .\CortexM3\ARM_GCC_541\Debug\motor_s.o
 .debug_line    0x00000982      0x1bc .\CortexM3\ARM_GCC_541\Debug\directions.o
 .debug_line    0x00000b3e      0x239 .\CortexM3\ARM_GCC_541\Debug\cyfitter_cfg.o
 .debug_line    0x00000d77      0x141 .\CortexM3\ARM_GCC_541\Debug\cymetadata.o
 .debug_line    0x00000eb8      0x1db .\CortexM3\ARM_GCC_541\Debug\Cm3Start.o
 .debug_line    0x00001093      0x1bf .\CortexM3\ARM_GCC_541\Debug\CS301_Class.a(ADC.o)
 .debug_line    0x00001252       0x53 .\CortexM3\ARM_GCC_541\Debug\CS301_Class.a(ADC_INT.o)
 .debug_line    0x000012a5       0x70 .\CortexM3\ARM_GCC_541\Debug\CS301_Class.a(CONTROL.o)
 .debug_line    0x00001315      0x207 .\CortexM3\ARM_GCC_541\Debug\CS301_Class.a(ADC_SAR.o)
 .debug_line    0x0000151c       0x7e .\CortexM3\ARM_GCC_541\Debug\CS301_Class.a(ADC_TempBuf_dma.o)
 .debug_line    0x0000159a       0x7f .\CortexM3\ARM_GCC_541\Debug\CS301_Class.a(ADC_FinalBuf_dma.o)
 .debug_line    0x00001619      0x142 .\CortexM3\ARM_GCC_541\Debug\CS301_Class.a(ADC_IRQ.o)
 .debug_line    0x0000175b      0x2b6 .\CortexM3\ARM_GCC_541\Debug\CS301_Class.a(CyDmac.o)
 .debug_line    0x00001a11      0x883 .\CortexM3\ARM_GCC_541\Debug\CS301_Class.a(CyLib.o)
 .debug_line    0x00002294      0x38e .\CortexM3\ARM_GCC_541\Debug\CS301_Class.a(cyPm.o)
 .debug_line    0x00002622      0x140 .\CortexM3\ARM_GCC_541\Debug\CS301_Class.a(PWM_1.o)
 .debug_line    0x00002762      0x1a8 .\CortexM3\ARM_GCC_541\Debug\CS301_Class.a(Clock_PWM.o)
 .debug_line    0x0000290a      0x1a9 .\CortexM3\ARM_GCC_541\Debug\CS301_Class.a(Clock_QENC.o)
 .debug_line    0x00002ab3      0x140 .\CortexM3\ARM_GCC_541\Debug\CS301_Class.a(PWM_2.o)
 .debug_line    0x00002bf3      0x10a .\CortexM3\ARM_GCC_541\Debug\CS301_Class.a(QuadDec_M1.o)
 .debug_line    0x00002cfd      0x10a .\CortexM3\ARM_GCC_541\Debug\CS301_Class.a(QuadDec_M2.o)
 .debug_line    0x00002e07      0x18e .\CortexM3\ARM_GCC_541\Debug\CS301_Class.a(QuadDec_M1_Cnt16.o)
 .debug_line    0x00002f95      0x18e .\CortexM3\ARM_GCC_541\Debug\CS301_Class.a(QuadDec_M2_Cnt16.o)
 .debug_line    0x00003123      0x1a7 .\CortexM3\ARM_GCC_541\Debug\CS301_Class.a(Clock_QD.o)
 .debug_line    0x000032ca      0x160 .\CortexM3\ARM_GCC_541\Debug\CS301_Class.a(Timer_QD.o)
 .debug_line    0x0000342a      0x151 .\CortexM3\ARM_GCC_541\Debug\CS301_Class.a(isr_qd.o)
 .debug_line    0x0000357b       0x66 .\CortexM3\ARM_GCC_541\Debug\CS301_Class.a(CyBootAsmGnu.o)
 .debug_line    0x000035e1      0x22f .\CortexM3\ARM_GCC_541\Debug\CS301_Class.a(CyFlash.o)
 .debug_line    0x00003810      0x231 .\CortexM3\ARM_GCC_541\Debug\CS301_Class.a(CySpc.o)

.debug_frame    0x00000000     0x39c4
 *(.debug_frame)
 .debug_frame   0x00000000       0xe4 .\CortexM3\ARM_GCC_541\Debug\main.o
 .debug_frame   0x000000e4       0x60 .\CortexM3\ARM_GCC_541\Debug\tacho.o
 .debug_frame   0x00000144       0x38 .\CortexM3\ARM_GCC_541\Debug\sensors.o
 .debug_frame   0x0000017c      0x128 .\CortexM3\ARM_GCC_541\Debug\motor_s.o
 .debug_frame   0x000002a4       0xd0 .\CortexM3\ARM_GCC_541\Debug\directions.o
 .debug_frame   0x00000374      0x16c .\CortexM3\ARM_GCC_541\Debug\cyfitter_cfg.o
 .debug_frame   0x000004e0       0xd8 .\CortexM3\ARM_GCC_541\Debug\Cm3Start.o
 .debug_frame   0x000005b8      0x264 .\CortexM3\ARM_GCC_541\Debug\CS301_Class.a(ADC.o)
 .debug_frame   0x0000081c       0x34 .\CortexM3\ARM_GCC_541\Debug\CS301_Class.a(ADC_INT.o)
 .debug_frame   0x00000850       0x5c .\CortexM3\ARM_GCC_541\Debug\CS301_Class.a(CONTROL.o)
 .debug_frame   0x000008ac      0x2bc .\CortexM3\ARM_GCC_541\Debug\CS301_Class.a(ADC_SAR.o)
 .debug_frame   0x00000b68       0x58 .\CortexM3\ARM_GCC_541\Debug\CS301_Class.a(ADC_TempBuf_dma.o)
 .debug_frame   0x00000bc0       0x58 .\CortexM3\ARM_GCC_541\Debug\CS301_Class.a(ADC_FinalBuf_dma.o)
 .debug_frame   0x00000c18      0x1e8 .\CortexM3\ARM_GCC_541\Debug\CS301_Class.a(ADC_IRQ.o)
 .debug_frame   0x00000e00      0x3d0 .\CortexM3\ARM_GCC_541\Debug\CS301_Class.a(CyDmac.o)
 .debug_frame   0x000011d0      0xc0c .\CortexM3\ARM_GCC_541\Debug\CS301_Class.a(CyLib.o)
 .debug_frame   0x00001ddc      0x234 .\CortexM3\ARM_GCC_541\Debug\CS301_Class.a(cyPm.o)
 .debug_frame   0x00002010      0x1d0 .\CortexM3\ARM_GCC_541\Debug\CS301_Class.a(PWM_1.o)
 .debug_frame   0x000021e0      0x1b4 .\CortexM3\ARM_GCC_541\Debug\CS301_Class.a(Clock_PWM.o)
 .debug_frame   0x00002394      0x1b4 .\CortexM3\ARM_GCC_541\Debug\CS301_Class.a(Clock_QENC.o)
 .debug_frame   0x00002548      0x1d0 .\CortexM3\ARM_GCC_541\Debug\CS301_Class.a(PWM_2.o)
 .debug_frame   0x00002718      0x160 .\CortexM3\ARM_GCC_541\Debug\CS301_Class.a(QuadDec_M1.o)
 .debug_frame   0x00002878      0x160 .\CortexM3\ARM_GCC_541\Debug\CS301_Class.a(QuadDec_M2.o)
 .debug_frame   0x000029d8      0x258 .\CortexM3\ARM_GCC_541\Debug\CS301_Class.a(QuadDec_M1_Cnt16.o)
 .debug_frame   0x00002c30      0x258 .\CortexM3\ARM_GCC_541\Debug\CS301_Class.a(QuadDec_M2_Cnt16.o)
 .debug_frame   0x00002e88      0x1b4 .\CortexM3\ARM_GCC_541\Debug\CS301_Class.a(Clock_QD.o)
 .debug_frame   0x0000303c      0x208 .\CortexM3\ARM_GCC_541\Debug\CS301_Class.a(Timer_QD.o)
 .debug_frame   0x00003244      0x1e8 .\CortexM3\ARM_GCC_541\Debug\CS301_Class.a(isr_qd.o)
 .debug_frame   0x0000342c      0x238 .\CortexM3\ARM_GCC_541\Debug\CS301_Class.a(CyFlash.o)
 .debug_frame   0x00003664      0x228 .\CortexM3\ARM_GCC_541\Debug\CS301_Class.a(CySpc.o)
 .debug_frame   0x0000388c       0x44 c:/program files (x86)/cypress/psoc creator/4.2/psoc creator/import/gnu/arm/5.4.1/bin/../lib/gcc/arm-none-eabi/5.4.1/armv7-m\libgcc.a(_aeabi_ldivmod.o)
 .debug_frame   0x000038d0       0x38 c:/program files (x86)/cypress/psoc creator/4.2/psoc creator/import/gnu/arm/5.4.1/bin/../lib/gcc/arm-none-eabi/5.4.1/armv7-m\libgcc.a(_udivmoddi4.o)
 .debug_frame   0x00003908       0x20 c:/program files (x86)/cypress/psoc creator/4.2/psoc creator/import/gnu/arm/5.4.1/bin/../lib/gcc/arm-none-eabi/5.4.1/../../../../arm-none-eabi/lib/armv7-m\libg_nano.a(lib_a-errno.o)
 .debug_frame   0x00003928       0x28 c:/program files (x86)/cypress/psoc creator/4.2/psoc creator/import/gnu/arm/5.4.1/bin/../lib/gcc/arm-none-eabi/5.4.1/../../../../arm-none-eabi/lib/armv7-m\libg_nano.a(lib_a-exit.o)
 .debug_frame   0x00003950       0x2c c:/program files (x86)/cypress/psoc creator/4.2/psoc creator/import/gnu/arm/5.4.1/bin/../lib/gcc/arm-none-eabi/5.4.1/../../../../arm-none-eabi/lib/armv7-m\libg_nano.a(lib_a-init.o)
 .debug_frame   0x0000397c       0x28 c:/program files (x86)/cypress/psoc creator/4.2/psoc creator/import/gnu/arm/5.4.1/bin/../lib/gcc/arm-none-eabi/5.4.1/../../../../arm-none-eabi/lib/armv7-m\libg_nano.a(lib_a-memcpy-stub.o)
 .debug_frame   0x000039a4       0x20 c:/program files (x86)/cypress/psoc creator/4.2/psoc creator/import/gnu/arm/5.4.1/bin/../lib/gcc/arm-none-eabi/5.4.1/../../../../arm-none-eabi/lib/armv7-m\libg_nano.a(lib_a-memset.o)

.debug_str      0x00000000     0x2edb
 *(.debug_str)
 .debug_str     0x00000000      0x39b .\CortexM3\ARM_GCC_541\Debug\main.o
                                0x412 (size before relaxing)
 .debug_str     0x0000039b       0x37 .\CortexM3\ARM_GCC_541\Debug\tacho.o
                                0x227 (size before relaxing)
 .debug_str     0x000003d2       0x42 .\CortexM3\ARM_GCC_541\Debug\sensors.o
                                0x252 (size before relaxing)
 .debug_str     0x00000414       0xdb .\CortexM3\ARM_GCC_541\Debug\motor_s.o
                                0x2d6 (size before relaxing)
 .debug_str     0x000004ef       0x75 .\CortexM3\ARM_GCC_541\Debug\directions.o
                                0x285 (size before relaxing)
 .debug_str     0x00000564      0x1a2 .\CortexM3\ARM_GCC_541\Debug\cyfitter_cfg.o
                                0x38e (size before relaxing)
 .debug_str     0x00000706       0x75 .\CortexM3\ARM_GCC_541\Debug\cymetadata.o
                                0x234 (size before relaxing)
 .debug_str     0x0000077b      0x117 .\CortexM3\ARM_GCC_541\Debug\Cm3Start.o
                                0x327 (size before relaxing)
 .debug_str     0x00000892      0x1cb .\CortexM3\ARM_GCC_541\Debug\CS301_Class.a(ADC.o)
                                0x3cf (size before relaxing)
 .debug_str     0x00000a5d       0x29 .\CortexM3\ARM_GCC_541\Debug\CS301_Class.a(ADC_INT.o)
                                0x1f4 (size before relaxing)
 .debug_str     0x00000a86       0x44 .\CortexM3\ARM_GCC_541\Debug\CS301_Class.a(CONTROL.o)
                                0x205 (size before relaxing)
 .debug_str     0x00000aca      0x1e4 .\CortexM3\ARM_GCC_541\Debug\CS301_Class.a(ADC_SAR.o)
                                0x450 (size before relaxing)
 .debug_str     0x00000cae       0xab .\CortexM3\ARM_GCC_541\Debug\CS301_Class.a(ADC_TempBuf_dma.o)
                                0x283 (size before relaxing)
 .debug_str     0x00000d59       0x74 .\CortexM3\ARM_GCC_541\Debug\CS301_Class.a(ADC_FinalBuf_dma.o)
                                0x287 (size before relaxing)
 .debug_str     0x00000dcd      0x11a .\CortexM3\ARM_GCC_541\Debug\CS301_Class.a(ADC_IRQ.o)
                                0x312 (size before relaxing)
 .debug_str     0x00000ee7      0x355 .\CortexM3\ARM_GCC_541\Debug\CS301_Class.a(CyDmac.o)
                                0x56d (size before relaxing)
 .debug_str     0x0000123c      0x7cf .\CortexM3\ARM_GCC_541\Debug\CS301_Class.a(CyLib.o)
                                0xa3a (size before relaxing)
 .debug_str     0x00001a0b      0x371 .\CortexM3\ARM_GCC_541\Debug\CS301_Class.a(cyPm.o)
                                0x593 (size before relaxing)
 .debug_str     0x00001d7c      0x12a .\CortexM3\ARM_GCC_541\Debug\CS301_Class.a(PWM_1.o)
                                0x31d (size before relaxing)
 .debug_str     0x00001ea6      0x17a .\CortexM3\ARM_GCC_541\Debug\CS301_Class.a(Clock_PWM.o)
                                0x356 (size before relaxing)
 .debug_str     0x00002020      0x13b .\CortexM3\ARM_GCC_541\Debug\CS301_Class.a(Clock_QENC.o)
                                0x362 (size before relaxing)
 .debug_str     0x0000215b      0x109 .\CortexM3\ARM_GCC_541\Debug\CS301_Class.a(PWM_2.o)
                                0x31d (size before relaxing)
 .debug_str     0x00002264       0xfa .\CortexM3\ARM_GCC_541\Debug\CS301_Class.a(QuadDec_M1.o)
                                0x305 (size before relaxing)
 .debug_str     0x0000235e       0xf3 .\CortexM3\ARM_GCC_541\Debug\CS301_Class.a(QuadDec_M2.o)
                                0x305 (size before relaxing)
 .debug_str     0x00002451      0x24d .\CortexM3\ARM_GCC_541\Debug\CS301_Class.a(QuadDec_M1_Cnt16.o)
                                0x44c (size before relaxing)
 .debug_str     0x0000269e      0x236 .\CortexM3\ARM_GCC_541\Debug\CS301_Class.a(QuadDec_M2_Cnt16.o)
                                0x44c (size before relaxing)
 .debug_str     0x000028d4      0x123 .\CortexM3\ARM_GCC_541\Debug\CS301_Class.a(Clock_QD.o)
                                0x34a (size before relaxing)
 .debug_str     0x000029f7      0x16d .\CortexM3\ARM_GCC_541\Debug\CS301_Class.a(Timer_QD.o)
                                0x375 (size before relaxing)
 .debug_str     0x00002b64       0xf4 .\CortexM3\ARM_GCC_541\Debug\CS301_Class.a(isr_qd.o)
                                0x304 (size before relaxing)
 .debug_str     0x00002c58      0x156 .\CortexM3\ARM_GCC_541\Debug\CS301_Class.a(CyFlash.o)
                                0x357 (size before relaxing)
 .debug_str     0x00002dae      0x12d .\CortexM3\ARM_GCC_541\Debug\CS301_Class.a(CySpc.o)
                                0x351 (size before relaxing)

.debug_loc
 *(.debug_loc)

.debug_macinfo
 *(.debug_macinfo)

.debug_ranges   0x00000000      0xc90
 *(.debug_ranges)
 .debug_ranges  0x00000000       0x30 .\CortexM3\ARM_GCC_541\Debug\main.o
 .debug_ranges  0x00000030       0x18 .\CortexM3\ARM_GCC_541\Debug\tacho.o
 .debug_ranges  0x00000048       0x10 .\CortexM3\ARM_GCC_541\Debug\sensors.o
 .debug_ranges  0x00000058       0x40 .\CortexM3\ARM_GCC_541\Debug\motor_s.o
 .debug_ranges  0x00000098       0x30 .\CortexM3\ARM_GCC_541\Debug\directions.o
 .debug_ranges  0x000000c8       0x50 .\CortexM3\ARM_GCC_541\Debug\cyfitter_cfg.o
 .debug_ranges  0x00000118       0x38 .\CortexM3\ARM_GCC_541\Debug\Cm3Start.o
 .debug_ranges  0x00000150       0x90 .\CortexM3\ARM_GCC_541\Debug\CS301_Class.a(ADC.o)
 .debug_ranges  0x000001e0       0x10 .\CortexM3\ARM_GCC_541\Debug\CS301_Class.a(ADC_INT.o)
 .debug_ranges  0x000001f0       0x18 .\CortexM3\ARM_GCC_541\Debug\CS301_Class.a(CONTROL.o)
 .debug_ranges  0x00000208       0x98 .\CortexM3\ARM_GCC_541\Debug\CS301_Class.a(ADC_SAR.o)
 .debug_ranges  0x000002a0       0x18 .\CortexM3\ARM_GCC_541\Debug\CS301_Class.a(ADC_TempBuf_dma.o)
 .debug_ranges  0x000002b8       0x18 .\CortexM3\ARM_GCC_541\Debug\CS301_Class.a(ADC_FinalBuf_dma.o)
 .debug_ranges  0x000002d0       0x70 .\CortexM3\ARM_GCC_541\Debug\CS301_Class.a(ADC_IRQ.o)
 .debug_ranges  0x00000340       0xc8 .\CortexM3\ARM_GCC_541\Debug\CS301_Class.a(CyDmac.o)
 .debug_ranges  0x00000408      0x290 .\CortexM3\ARM_GCC_541\Debug\CS301_Class.a(CyLib.o)
 .debug_ranges  0x00000698       0x88 .\CortexM3\ARM_GCC_541\Debug\CS301_Class.a(cyPm.o)
 .debug_ranges  0x00000720       0x68 .\CortexM3\ARM_GCC_541\Debug\CS301_Class.a(PWM_1.o)
 .debug_ranges  0x00000788       0x60 .\CortexM3\ARM_GCC_541\Debug\CS301_Class.a(Clock_PWM.o)
 .debug_ranges  0x000007e8       0x60 .\CortexM3\ARM_GCC_541\Debug\CS301_Class.a(Clock_QENC.o)
 .debug_ranges  0x00000848       0x68 .\CortexM3\ARM_GCC_541\Debug\CS301_Class.a(PWM_2.o)
 .debug_ranges  0x000008b0       0x50 .\CortexM3\ARM_GCC_541\Debug\CS301_Class.a(QuadDec_M1.o)
 .debug_ranges  0x00000900       0x50 .\CortexM3\ARM_GCC_541\Debug\CS301_Class.a(QuadDec_M2.o)
 .debug_ranges  0x00000950       0x88 .\CortexM3\ARM_GCC_541\Debug\CS301_Class.a(QuadDec_M1_Cnt16.o)
 .debug_ranges  0x000009d8       0x88 .\CortexM3\ARM_GCC_541\Debug\CS301_Class.a(QuadDec_M2_Cnt16.o)
 .debug_ranges  0x00000a60       0x60 .\CortexM3\ARM_GCC_541\Debug\CS301_Class.a(Clock_QD.o)
 .debug_ranges  0x00000ac0       0x78 .\CortexM3\ARM_GCC_541\Debug\CS301_Class.a(Timer_QD.o)
 .debug_ranges  0x00000b38       0x70 .\CortexM3\ARM_GCC_541\Debug\CS301_Class.a(isr_qd.o)
 .debug_ranges  0x00000ba8       0x78 .\CortexM3\ARM_GCC_541\Debug\CS301_Class.a(CyFlash.o)
 .debug_ranges  0x00000c20       0x70 .\CortexM3\ARM_GCC_541\Debug\CS301_Class.a(CySpc.o)

.comment        0x00000000       0x6e
 .comment       0x00000000       0x6e .\CortexM3\ARM_GCC_541\Debug\main.o
                                 0x6f (size before relaxing)
 .comment       0x0000006e       0x6f .\CortexM3\ARM_GCC_541\Debug\tacho.o
 .comment       0x0000006e       0x6f .\CortexM3\ARM_GCC_541\Debug\sensors.o
 .comment       0x0000006e       0x6f .\CortexM3\ARM_GCC_541\Debug\motor_s.o
 .comment       0x0000006e       0x6f .\CortexM3\ARM_GCC_541\Debug\directions.o
 .comment       0x0000006e       0x6f .\CortexM3\ARM_GCC_541\Debug\cyfitter_cfg.o
 .comment       0x0000006e       0x6f .\CortexM3\ARM_GCC_541\Debug\cymetadata.o
 .comment       0x0000006e       0x6f .\CortexM3\ARM_GCC_541\Debug\Cm3Start.o
 .comment       0x0000006e       0x6f .\CortexM3\ARM_GCC_541\Debug\CS301_Class.a(ADC.o)
 .comment       0x0000006e       0x6f .\CortexM3\ARM_GCC_541\Debug\CS301_Class.a(ADC_INT.o)
 .comment       0x0000006e       0x6f .\CortexM3\ARM_GCC_541\Debug\CS301_Class.a(CONTROL.o)
 .comment       0x0000006e       0x6f .\CortexM3\ARM_GCC_541\Debug\CS301_Class.a(ADC_SAR.o)
 .comment       0x0000006e       0x6f .\CortexM3\ARM_GCC_541\Debug\CS301_Class.a(ADC_TempBuf_dma.o)
 .comment       0x0000006e       0x6f .\CortexM3\ARM_GCC_541\Debug\CS301_Class.a(ADC_FinalBuf_dma.o)
 .comment       0x0000006e       0x6f .\CortexM3\ARM_GCC_541\Debug\CS301_Class.a(ADC_IRQ.o)
 .comment       0x0000006e       0x6f .\CortexM3\ARM_GCC_541\Debug\CS301_Class.a(CyDmac.o)
 .comment       0x0000006e       0x6f .\CortexM3\ARM_GCC_541\Debug\CS301_Class.a(CyLib.o)
 .comment       0x0000006e       0x6f .\CortexM3\ARM_GCC_541\Debug\CS301_Class.a(cyPm.o)
 .comment       0x0000006e       0x6f .\CortexM3\ARM_GCC_541\Debug\CS301_Class.a(PWM_1.o)
 .comment       0x0000006e       0x6f .\CortexM3\ARM_GCC_541\Debug\CS301_Class.a(Clock_PWM.o)
 .comment       0x0000006e       0x6f .\CortexM3\ARM_GCC_541\Debug\CS301_Class.a(Clock_QENC.o)
 .comment       0x0000006e       0x6f .\CortexM3\ARM_GCC_541\Debug\CS301_Class.a(PWM_2.o)
 .comment       0x0000006e       0x6f .\CortexM3\ARM_GCC_541\Debug\CS301_Class.a(QuadDec_M1.o)
 .comment       0x0000006e       0x6f .\CortexM3\ARM_GCC_541\Debug\CS301_Class.a(QuadDec_M2.o)
 .comment       0x0000006e       0x6f .\CortexM3\ARM_GCC_541\Debug\CS301_Class.a(QuadDec_M1_Cnt16.o)
 .comment       0x0000006e       0x6f .\CortexM3\ARM_GCC_541\Debug\CS301_Class.a(QuadDec_M2_Cnt16.o)
 .comment       0x0000006e       0x6f .\CortexM3\ARM_GCC_541\Debug\CS301_Class.a(Clock_QD.o)
 .comment       0x0000006e       0x6f .\CortexM3\ARM_GCC_541\Debug\CS301_Class.a(Timer_QD.o)
 .comment       0x0000006e       0x6f .\CortexM3\ARM_GCC_541\Debug\CS301_Class.a(isr_qd.o)
 .comment       0x0000006e       0x6f .\CortexM3\ARM_GCC_541\Debug\CS301_Class.a(CyFlash.o)
 .comment       0x0000006e       0x6f .\CortexM3\ARM_GCC_541\Debug\CS301_Class.a(CySpc.o)

.debug_weaknames
 *(.debug_weaknames)

.debug_funcnames
 *(.debug_funcnames)

.debug_typenames
 *(.debug_typenames)

.debug_varnames
 *(.debug_varnames)

.note.gnu.arm.ident
 *(.note.gnu.arm.ident)

.ARM.attributes
                0x00000000       0x29
 *(.ARM.attributes)
 .ARM.attributes
                0x00000000       0x1d c:/program files (x86)/cypress/psoc creator/4.2/psoc creator/import/gnu/arm/5.4.1/bin/../lib/gcc/arm-none-eabi/5.4.1/armv7-m/crti.o
 .ARM.attributes
                0x0000001d       0x2d c:/program files (x86)/cypress/psoc creator/4.2/psoc creator/import/gnu/arm/5.4.1/bin/../lib/gcc/arm-none-eabi/5.4.1/armv7-m/crtbegin.o
 .ARM.attributes
                0x0000004a       0x1b c:/program files (x86)/cypress/psoc creator/4.2/psoc creator/import/gnu/arm/5.4.1/bin/../lib/gcc/arm-none-eabi/5.4.1/../../../../arm-none-eabi/lib/armv7-m/crt0.o
 .ARM.attributes
                0x00000065       0x33 .\CortexM3\ARM_GCC_541\Debug\main.o
 .ARM.attributes
                0x00000098       0x33 .\CortexM3\ARM_GCC_541\Debug\tacho.o
 .ARM.attributes
                0x000000cb       0x33 .\CortexM3\ARM_GCC_541\Debug\sensors.o
 .ARM.attributes
                0x000000fe       0x33 .\CortexM3\ARM_GCC_541\Debug\motor_s.o
 .ARM.attributes
                0x00000131       0x33 .\CortexM3\ARM_GCC_541\Debug\directions.o
 .ARM.attributes
                0x00000164       0x33 .\CortexM3\ARM_GCC_541\Debug\cyfitter_cfg.o
 .ARM.attributes
                0x00000197       0x33 .\CortexM3\ARM_GCC_541\Debug\cymetadata.o
 .ARM.attributes
                0x000001ca       0x33 .\CortexM3\ARM_GCC_541\Debug\Cm3Start.o
 .ARM.attributes
                0x000001fd       0x33 .\CortexM3\ARM_GCC_541\Debug\CS301_Class.a(ADC.o)
 .ARM.attributes
                0x00000230       0x33 .\CortexM3\ARM_GCC_541\Debug\CS301_Class.a(ADC_INT.o)
 .ARM.attributes
                0x00000263       0x33 .\CortexM3\ARM_GCC_541\Debug\CS301_Class.a(CONTROL.o)
 .ARM.attributes
                0x00000296       0x33 .\CortexM3\ARM_GCC_541\Debug\CS301_Class.a(ADC_SAR.o)
 .ARM.attributes
                0x000002c9       0x33 .\CortexM3\ARM_GCC_541\Debug\CS301_Class.a(ADC_TempBuf_dma.o)
 .ARM.attributes
                0x000002fc       0x33 .\CortexM3\ARM_GCC_541\Debug\CS301_Class.a(ADC_FinalBuf_dma.o)
 .ARM.attributes
                0x0000032f       0x33 .\CortexM3\ARM_GCC_541\Debug\CS301_Class.a(ADC_IRQ.o)
 .ARM.attributes
                0x00000362       0x33 .\CortexM3\ARM_GCC_541\Debug\CS301_Class.a(CyDmac.o)
 .ARM.attributes
                0x00000395       0x33 .\CortexM3\ARM_GCC_541\Debug\CS301_Class.a(CyLib.o)
 .ARM.attributes
                0x000003c8       0x33 .\CortexM3\ARM_GCC_541\Debug\CS301_Class.a(cyPm.o)
 .ARM.attributes
                0x000003fb       0x33 .\CortexM3\ARM_GCC_541\Debug\CS301_Class.a(PWM_1.o)
 .ARM.attributes
                0x0000042e       0x33 .\CortexM3\ARM_GCC_541\Debug\CS301_Class.a(Clock_PWM.o)
 .ARM.attributes
                0x00000461       0x33 .\CortexM3\ARM_GCC_541\Debug\CS301_Class.a(Clock_QENC.o)
 .ARM.attributes
                0x00000494       0x33 .\CortexM3\ARM_GCC_541\Debug\CS301_Class.a(PWM_2.o)
 .ARM.attributes
                0x000004c7       0x33 .\CortexM3\ARM_GCC_541\Debug\CS301_Class.a(QuadDec_M1.o)
 .ARM.attributes
                0x000004fa       0x33 .\CortexM3\ARM_GCC_541\Debug\CS301_Class.a(QuadDec_M2.o)
 .ARM.attributes
                0x0000052d       0x33 .\CortexM3\ARM_GCC_541\Debug\CS301_Class.a(QuadDec_M1_Cnt16.o)
 .ARM.attributes
                0x00000560       0x33 .\CortexM3\ARM_GCC_541\Debug\CS301_Class.a(QuadDec_M2_Cnt16.o)
 .ARM.attributes
                0x00000593       0x33 .\CortexM3\ARM_GCC_541\Debug\CS301_Class.a(Clock_QD.o)
 .ARM.attributes
                0x000005c6       0x33 .\CortexM3\ARM_GCC_541\Debug\CS301_Class.a(Timer_QD.o)
 .ARM.attributes
                0x000005f9       0x33 .\CortexM3\ARM_GCC_541\Debug\CS301_Class.a(isr_qd.o)
 .ARM.attributes
                0x0000062c       0x21 .\CortexM3\ARM_GCC_541\Debug\CS301_Class.a(CyBootAsmGnu.o)
 .ARM.attributes
                0x0000064d       0x33 .\CortexM3\ARM_GCC_541\Debug\CS301_Class.a(CyFlash.o)
 .ARM.attributes
                0x00000680       0x33 .\CortexM3\ARM_GCC_541\Debug\CS301_Class.a(CySpc.o)
 .ARM.attributes
                0x000006b3       0x1d c:/program files (x86)/cypress/psoc creator/4.2/psoc creator/import/gnu/arm/5.4.1/bin/../lib/gcc/arm-none-eabi/5.4.1/armv7-m\libgcc.a(_arm_addsubsf3.o)
 .ARM.attributes
                0x000006d0       0x1d c:/program files (x86)/cypress/psoc creator/4.2/psoc creator/import/gnu/arm/5.4.1/bin/../lib/gcc/arm-none-eabi/5.4.1/armv7-m\libgcc.a(_arm_muldivsf3.o)
 .ARM.attributes
                0x000006ed       0x1d c:/program files (x86)/cypress/psoc creator/4.2/psoc creator/import/gnu/arm/5.4.1/bin/../lib/gcc/arm-none-eabi/5.4.1/armv7-m\libgcc.a(_arm_cmpsf2.o)
 .ARM.attributes
                0x0000070a       0x1d c:/program files (x86)/cypress/psoc creator/4.2/psoc creator/import/gnu/arm/5.4.1/bin/../lib/gcc/arm-none-eabi/5.4.1/armv7-m\libgcc.a(_arm_fixsfsi.o)
 .ARM.attributes
                0x00000727       0x1d c:/program files (x86)/cypress/psoc creator/4.2/psoc creator/import/gnu/arm/5.4.1/bin/../lib/gcc/arm-none-eabi/5.4.1/armv7-m\libgcc.a(_aeabi_ldivmod.o)
 .ARM.attributes
                0x00000744       0x2d c:/program files (x86)/cypress/psoc creator/4.2/psoc creator/import/gnu/arm/5.4.1/bin/../lib/gcc/arm-none-eabi/5.4.1/armv7-m\libgcc.a(_udivmoddi4.o)
 .ARM.attributes
                0x00000771       0x1d c:/program files (x86)/cypress/psoc creator/4.2/psoc creator/import/gnu/arm/5.4.1/bin/../lib/gcc/arm-none-eabi/5.4.1/armv7-m\libgcc.a(_dvmd_tls.o)
 .ARM.attributes
                0x0000078e       0x2d c:/program files (x86)/cypress/psoc creator/4.2/psoc creator/import/gnu/arm/5.4.1/bin/../lib/gcc/arm-none-eabi/5.4.1/../../../../arm-none-eabi/lib/armv7-m\libg_nano.a(lib_a-errno.o)
 .ARM.attributes
                0x000007bb       0x2d c:/program files (x86)/cypress/psoc creator/4.2/psoc creator/import/gnu/arm/5.4.1/bin/../lib/gcc/arm-none-eabi/5.4.1/../../../../arm-none-eabi/lib/armv7-m\libg_nano.a(lib_a-exit.o)
 .ARM.attributes
                0x000007e8       0x2d c:/program files (x86)/cypress/psoc creator/4.2/psoc creator/import/gnu/arm/5.4.1/bin/../lib/gcc/arm-none-eabi/5.4.1/../../../../arm-none-eabi/lib/armv7-m\libg_nano.a(lib_a-impure.o)
 .ARM.attributes
                0x00000815       0x2d c:/program files (x86)/cypress/psoc creator/4.2/psoc creator/import/gnu/arm/5.4.1/bin/../lib/gcc/arm-none-eabi/5.4.1/../../../../arm-none-eabi/lib/armv7-m\libg_nano.a(lib_a-init.o)
 .ARM.attributes
                0x00000842       0x2d c:/program files (x86)/cypress/psoc creator/4.2/psoc creator/import/gnu/arm/5.4.1/bin/../lib/gcc/arm-none-eabi/5.4.1/../../../../arm-none-eabi/lib/armv7-m\libg_nano.a(lib_a-memcpy-stub.o)
 .ARM.attributes
                0x0000086f       0x2d c:/program files (x86)/cypress/psoc creator/4.2/psoc creator/import/gnu/arm/5.4.1/bin/../lib/gcc/arm-none-eabi/5.4.1/../../../../arm-none-eabi/lib/armv7-m\libg_nano.a(lib_a-memset.o)
 .ARM.attributes
                0x0000089c       0x2d c:/program files (x86)/cypress/psoc creator/4.2/psoc creator/import/gnu/arm/5.4.1/bin/../lib/gcc/arm-none-eabi/5.4.1/armv7-m/crtend.o
 .ARM.attributes
                0x000008c9       0x1d c:/program files (x86)/cypress/psoc creator/4.2/psoc creator/import/gnu/arm/5.4.1/bin/../lib/gcc/arm-none-eabi/5.4.1/armv7-m/crtn.o

/DISCARD/
 *(.note.GNU-stack)
OUTPUT(C:\Users\ylee818\Documents\GitHub\COMPSYS301\Benchmarktest___combined\Benchmarktest___combined\psoc student pack\psoc_code_base\CS301_Class.cydsn\CortexM3\ARM_GCC_541\Debug\CS301_Class.elf elf32-littlearm)
